Archive member included to satisfy reference by file (symbol)

C:/ST/STM32CubeIDE_1.13.1/STM32CubeIDE/plugins/com.st.stm32cube.ide.mcu.externaltools.gnu-tools-for-stm32.11.3.rel1.win32_1.1.0.202305231506/tools/bin/../lib/gcc/arm-none-eabi/11.3.1/../../../../arm-none-eabi/lib/thumb/v7-m/nofp\libc_nano.a(libc_a-exit.o)
                              C:/ST/STM32CubeIDE_1.13.1/STM32CubeIDE/plugins/com.st.stm32cube.ide.mcu.externaltools.gnu-tools-for-stm32.11.3.rel1.win32_1.1.0.202305231506/tools/bin/../lib/gcc/arm-none-eabi/11.3.1/../../../../arm-none-eabi/lib/thumb/v7-m/nofp/crt0.o (exit)
C:/ST/STM32CubeIDE_1.13.1/STM32CubeIDE/plugins/com.st.stm32cube.ide.mcu.externaltools.gnu-tools-for-stm32.11.3.rel1.win32_1.1.0.202305231506/tools/bin/../lib/gcc/arm-none-eabi/11.3.1/../../../../arm-none-eabi/lib/thumb/v7-m/nofp\libc_nano.a(libc_a-findfp.o)
                              C:/ST/STM32CubeIDE_1.13.1/STM32CubeIDE/plugins/com.st.stm32cube.ide.mcu.externaltools.gnu-tools-for-stm32.11.3.rel1.win32_1.1.0.202305231506/tools/bin/../lib/gcc/arm-none-eabi/11.3.1/../../../../arm-none-eabi/lib/thumb/v7-m/nofp\libc_nano.a(libc_a-exit.o) (__stdio_exit_handler)
C:/ST/STM32CubeIDE_1.13.1/STM32CubeIDE/plugins/com.st.stm32cube.ide.mcu.externaltools.gnu-tools-for-stm32.11.3.rel1.win32_1.1.0.202305231506/tools/bin/../lib/gcc/arm-none-eabi/11.3.1/../../../../arm-none-eabi/lib/thumb/v7-m/nofp\libc_nano.a(libc_a-fwalk.o)
                              C:/ST/STM32CubeIDE_1.13.1/STM32CubeIDE/plugins/com.st.stm32cube.ide.mcu.externaltools.gnu-tools-for-stm32.11.3.rel1.win32_1.1.0.202305231506/tools/bin/../lib/gcc/arm-none-eabi/11.3.1/../../../../arm-none-eabi/lib/thumb/v7-m/nofp\libc_nano.a(libc_a-findfp.o) (_fwalk_sglue)
C:/ST/STM32CubeIDE_1.13.1/STM32CubeIDE/plugins/com.st.stm32cube.ide.mcu.externaltools.gnu-tools-for-stm32.11.3.rel1.win32_1.1.0.202305231506/tools/bin/../lib/gcc/arm-none-eabi/11.3.1/../../../../arm-none-eabi/lib/thumb/v7-m/nofp\libc_nano.a(libc_a-printf.o)
                              ./Core/Src/main.o (printf)
C:/ST/STM32CubeIDE_1.13.1/STM32CubeIDE/plugins/com.st.stm32cube.ide.mcu.externaltools.gnu-tools-for-stm32.11.3.rel1.win32_1.1.0.202305231506/tools/bin/../lib/gcc/arm-none-eabi/11.3.1/../../../../arm-none-eabi/lib/thumb/v7-m/nofp\libc_nano.a(libc_a-puts.o)
                              ./Core/Src/main.o (puts)
C:/ST/STM32CubeIDE_1.13.1/STM32CubeIDE/plugins/com.st.stm32cube.ide.mcu.externaltools.gnu-tools-for-stm32.11.3.rel1.win32_1.1.0.202305231506/tools/bin/../lib/gcc/arm-none-eabi/11.3.1/../../../../arm-none-eabi/lib/thumb/v7-m/nofp\libc_nano.a(libc_a-stdio.o)
                              C:/ST/STM32CubeIDE_1.13.1/STM32CubeIDE/plugins/com.st.stm32cube.ide.mcu.externaltools.gnu-tools-for-stm32.11.3.rel1.win32_1.1.0.202305231506/tools/bin/../lib/gcc/arm-none-eabi/11.3.1/../../../../arm-none-eabi/lib/thumb/v7-m/nofp\libc_nano.a(libc_a-findfp.o) (__sread)
C:/ST/STM32CubeIDE_1.13.1/STM32CubeIDE/plugins/com.st.stm32cube.ide.mcu.externaltools.gnu-tools-for-stm32.11.3.rel1.win32_1.1.0.202305231506/tools/bin/../lib/gcc/arm-none-eabi/11.3.1/../../../../arm-none-eabi/lib/thumb/v7-m/nofp\libc_nano.a(libc_a-wbuf.o)
                              C:/ST/STM32CubeIDE_1.13.1/STM32CubeIDE/plugins/com.st.stm32cube.ide.mcu.externaltools.gnu-tools-for-stm32.11.3.rel1.win32_1.1.0.202305231506/tools/bin/../lib/gcc/arm-none-eabi/11.3.1/../../../../arm-none-eabi/lib/thumb/v7-m/nofp\libc_nano.a(libc_a-puts.o) (__swbuf_r)
C:/ST/STM32CubeIDE_1.13.1/STM32CubeIDE/plugins/com.st.stm32cube.ide.mcu.externaltools.gnu-tools-for-stm32.11.3.rel1.win32_1.1.0.202305231506/tools/bin/../lib/gcc/arm-none-eabi/11.3.1/../../../../arm-none-eabi/lib/thumb/v7-m/nofp\libc_nano.a(libc_a-wsetup.o)
                              C:/ST/STM32CubeIDE_1.13.1/STM32CubeIDE/plugins/com.st.stm32cube.ide.mcu.externaltools.gnu-tools-for-stm32.11.3.rel1.win32_1.1.0.202305231506/tools/bin/../lib/gcc/arm-none-eabi/11.3.1/../../../../arm-none-eabi/lib/thumb/v7-m/nofp\libc_nano.a(libc_a-puts.o) (__swsetup_r)
C:/ST/STM32CubeIDE_1.13.1/STM32CubeIDE/plugins/com.st.stm32cube.ide.mcu.externaltools.gnu-tools-for-stm32.11.3.rel1.win32_1.1.0.202305231506/tools/bin/../lib/gcc/arm-none-eabi/11.3.1/../../../../arm-none-eabi/lib/thumb/v7-m/nofp\libc_nano.a(libc_a-memset.o)
                              C:/ST/STM32CubeIDE_1.13.1/STM32CubeIDE/plugins/com.st.stm32cube.ide.mcu.externaltools.gnu-tools-for-stm32.11.3.rel1.win32_1.1.0.202305231506/tools/bin/../lib/gcc/arm-none-eabi/11.3.1/../../../../arm-none-eabi/lib/thumb/v7-m/nofp/crt0.o (memset)
C:/ST/STM32CubeIDE_1.13.1/STM32CubeIDE/plugins/com.st.stm32cube.ide.mcu.externaltools.gnu-tools-for-stm32.11.3.rel1.win32_1.1.0.202305231506/tools/bin/../lib/gcc/arm-none-eabi/11.3.1/../../../../arm-none-eabi/lib/thumb/v7-m/nofp\libc_nano.a(libc_a-closer.o)
[...]
Memory Configuration

Name             Origin             Length             Attributes
RAM              0x0000000020000000 0x0000000000005000 xrw
FLASH            0x0000000008008000 0x0000000000016000 xr
*default*        0x0000000000000000 0xffffffffffffffff

Linker script and memory map

LOAD C:/ST/STM32CubeIDE_1.13.1/STM32CubeIDE/plugins/com.st.stm32cube.ide.mcu.externaltools.gnu-tools-for-stm32.11.3.rel1.win32_1.1.0.202305231506/tools/bin/../lib/gcc/arm-none-eabi/11.3.1/thumb/v7-m/nofp/crti.o
LOAD C:/ST/STM32CubeIDE_1.13.1/STM32CubeIDE/plugins/com.st.stm32cube.ide.mcu.externaltools.gnu-tools-for-stm32.11.3.rel1.win32_1.1.0.202305231506/tools/bin/../lib/gcc/arm-none-eabi/11.3.1/thumb/v7-m/nofp/crtbegin.o
LOAD C:/ST/STM32CubeIDE_1.13.1/STM32CubeIDE/plugins/com.st.stm32cube.ide.mcu.externaltools.gnu-tools-for-stm32.11.3.rel1.win32_1.1.0.202305231506/tools/bin/../lib/gcc/arm-none-eabi/11.3.1/../../../../arm-none-eabi/lib/thumb/v7-m/nofp/crt0.o
LOAD ./Core/Src/app_side_etx_ota.o
LOAD ./Core/Src/crc32_mpeg2.o
LOAD ./Core/Src/firmware_update_config.o
LOAD ./Core/Src/hm10_ble_driver.o
LOAD ./Core/Src/main.o
LOAD ./Core/Src/stm32f1xx_hal_msp.o
LOAD ./Core/Src/stm32f1xx_it.o
LOAD ./Core/Src/syscalls.o
LOAD ./Core/Src/sysmem.o
LOAD ./Core/Src/system_stm32f1xx.o
LOAD ./Core/Startup/startup_stm32f103c8tx.o
LOAD ./Drivers/STM32F1xx_HAL_Driver/Src/stm32f1xx_hal.o
LOAD ./Drivers/STM32F1xx_HAL_Driver/Src/stm32f1xx_hal_cortex.o
LOAD ./Drivers/STM32F1xx_HAL_Driver/Src/stm32f1xx_hal_dma.o
LOAD ./Drivers/STM32F1xx_HAL_Driver/Src/stm32f1xx_hal_exti.o
LOAD ./Drivers/STM32F1xx_HAL_Driver/Src/stm32f1xx_hal_flash.o
LOAD ./Drivers/STM32F1xx_HAL_Driver/Src/stm32f1xx_hal_flash_ex.o
LOAD ./Drivers/STM32F1xx_HAL_Driver/Src/stm32f1xx_hal_gpio.o
LOAD ./Drivers/STM32F1xx_HAL_Driver/Src/stm32f1xx_hal_gpio_ex.o
LOAD ./Drivers/STM32F1xx_HAL_Driver/Src/stm32f1xx_hal_pwr.o
LOAD ./Drivers/STM32F1xx_HAL_Driver/Src/stm32f1xx_hal_rcc.o
LOAD ./Drivers/STM32F1xx_HAL_Driver/Src/stm32f1xx_hal_rcc_ex.o
LOAD ./Drivers/STM32F1xx_HAL_Driver/Src/stm32f1xx_hal_tim.o
LOAD ./Drivers/STM32F1xx_HAL_Driver/Src/stm32f1xx_hal_tim_ex.o
LOAD ./Drivers/STM32F1xx_HAL_Driver/Src/stm32f1xx_hal_uart.o
START GROUP
LOAD C:/ST/STM32CubeIDE_1.13.1/STM32CubeIDE/plugins/com.st.stm32cube.ide.mcu.externaltools.gnu-tools-for-stm32.11.3.rel1.win32_1.1.0.202305231506/tools/bin/../lib/gcc/arm-none-eabi/11.3.1/../../../../arm-none-eabi/lib/thumb/v7-m/nofp\libc_nano.a
LOAD C:/ST/STM32CubeIDE_1.13.1/STM32CubeIDE/plugins/com.st.stm32cube.ide.mcu.externaltools.gnu-tools-for-stm32.11.3.rel1.win32_1.1.0.202305231506/tools/bin/../lib/gcc/arm-none-eabi/11.3.1/../../../../arm-none-eabi/lib/thumb/v7-m/nofp\libm.a
END GROUP
START GROUP
LOAD C:/ST/STM32CubeIDE_1.13.1/STM32CubeIDE/plugins/com.st.stm32cube.ide.mcu.externaltools.gnu-tools-for-stm32.11.3.rel1.win32_1.1.0.202305231506/tools/bin/../lib/gcc/arm-none-eabi/11.3.1/thumb/v7-m/nofp\libgcc.a
LOAD C:/ST/STM32CubeIDE_1.13.1/STM32CubeIDE/plugins/com.st.stm32cube.ide.mcu.externaltools.gnu-tools-for-stm32.11.3.rel1.win32_1.1.0.202305231506/tools/bin/../lib/gcc/arm-none-eabi/11.3.1/../../../../arm-none-eabi/lib/thumb/v7-m/nofp\libc_nano.a
END GROUP
START GROUP
LOAD C:/ST/STM32CubeIDE_1.13.1/STM32CubeIDE/plugins/com.st.stm32cube.ide.mcu.externaltools.gnu-tools-for-stm32.11.3.rel1.win32_1.1.0.202305231506/tools/bin/../lib/gcc/arm-none-eabi/11.3.1/thumb/v7-m/nofp\libgcc.a
LOAD C:/ST/STM32CubeIDE_1.13.1/STM32CubeIDE/plugins/com.st.stm32cube.ide.mcu.externaltools.gnu-tools-for-stm32.11.3.rel1.win32_1.1.0.202305231506/tools/bin/../lib/gcc/arm-none-eabi/11.3.1/../../../../arm-none-eabi/lib/thumb/v7-m/nofp\libc_nano.a
LOAD C:/ST/STM32CubeIDE_1.13.1/STM32CubeIDE/plugins/com.st.stm32cube.ide.mcu.externaltools.gnu-tools-for-stm32.11.3.rel1.win32_1.1.0.202305231506/tools/bin/../lib/gcc/arm-none-eabi/11.3.1/../../../../arm-none-eabi/lib/thumb/v7-m/nofp\libnosys.a
END GROUP
START GROUP
LOAD C:/ST/STM32CubeIDE_1.13.1/STM32CubeIDE/plugins/com.st.stm32cube.ide.mcu.externaltools.gnu-tools-for-stm32.11.3.rel1.win32_1.1.0.202305231506/tools/bin/../lib/gcc/arm-none-eabi/11.3.1/thumb/v7-m/nofp\libgcc.a
LOAD C:/ST/STM32CubeIDE_1.13.1/STM32CubeIDE/plugins/com.st.stm32cube.ide.mcu.externaltools.gnu-tools-for-stm32.11.3.rel1.win32_1.1.0.202305231506/tools/bin/../lib/gcc/arm-none-eabi/11.3.1/../../../../arm-none-eabi/lib/thumb/v7-m/nofp\libc_nano.a
LOAD C:/ST/STM32CubeIDE_1.13.1/STM32CubeIDE/plugins/com.st.stm32cube.ide.mcu.externaltools.gnu-tools-for-stm32.11.3.rel1.win32_1.1.0.202305231506/tools/bin/../lib/gcc/arm-none-eabi/11.3.1/../../../../arm-none-eabi/lib/thumb/v7-m/nofp\libnosys.a
END GROUP
LOAD C:/ST/STM32CubeIDE_1.13.1/STM32CubeIDE/plugins/com.st.stm32cube.ide.mcu.externaltools.gnu-tools-for-stm32.11.3.rel1.win32_1.1.0.202305231506/tools/bin/../lib/gcc/arm-none-eabi/11.3.1/thumb/v7-m/nofp/crtend.o
LOAD C:/ST/STM32CubeIDE_1.13.1/STM32CubeIDE/plugins/com.st.stm32cube.ide.mcu.externaltools.gnu-tools-for-stm32.11.3.rel1.win32_1.1.0.202305231506/tools/bin/../lib/gcc/arm-none-eabi/11.3.1/thumb/v7-m/nofp/crtn.o
                0x0000000020005000                _estack = (ORIGIN (RAM) + LENGTH (RAM))
                0x0000000000000200                _Min_Heap_Size = 0x200
                0x0000000000000400                _Min_Stack_Size = 0x400

.isr_vector     0x0000000008008000      0x10c
                0x0000000008008000                . = ALIGN (0x4)
 *(.isr_vector)
 .isr_vector    0x0000000008008000      0x10c ./Core/Startup/startup_stm32f103c8tx.o
                0x0000000008008000                g_pfnVectors
                0x000000000800810c                . = ALIGN (0x4)

.text           0x000000000800810c     0x4fc8
                0x000000000800810c                . = ALIGN (0x4)
 *(.text)
 .text          0x000000000800810c       0x40 C:/ST/STM32CubeIDE_1.13.1/STM32CubeIDE/plugins/com.st.stm32cube.ide.mcu.externaltools.gnu-tools-for-stm32.11.3.rel1.win32_1.1.0.202305231506/tools/bin/../lib/gcc/arm-none-eabi/11.3.1/thumb/v7-m/nofp/crtbegin.o
 *(.text*)
 .text.init_firmware_update_module
                0x000000000800814c      0x15c ./Core/Src/app_side_etx_ota.o
                0x000000000800814c                init_firmware_update_module
 .text.start_etx_ota
                0x00000000080082a8       0x28 ./Core/Src/app_side_etx_ota.o
                0x00000000080082a8                start_etx_ota
 .text.stop_etx_ota
                0x00000000080082d0       0x18 ./Core/Src/app_side_etx_ota.o
                0x00000000080082d0                stop_etx_ota
 .text.HAL_UART_RxCpltCallback
                0x00000000080082e8       0x64 ./Core/Src/app_side_etx_ota.o
                0x00000000080082e8                HAL_UART_RxCpltCallback
 .text.start_etx_ota_transaction
                0x000000000800834c       0xe8 ./Core/Src/app_side_etx_ota.o
 .text.etx_ota_receive_packet
                0x0000000008008434      0x370 ./Core/Src/app_side_etx_ota.o
 .text.etx_ota_process_data
                0x00000000080087a4      0x148 ./Core/Src/app_side_etx_ota.o
 .text.etx_ota_send_resp
                0x00000000080088ec       0xa0 ./Core/Src/app_side_etx_ota.o
 .text.write_data_to_ram
                0x000000000800898c       0x54 ./Core/Src/app_side_etx_ota.o
 .text.HAL_ret_handler
                0x00000000080089e0       0x2e ./Core/Src/app_side_etx_ota.o
 *fill*         0x0000000008008a0e        0x2 
 .text.crc32_mpeg2
                0x0000000008008a10       0x64 ./Core/Src/crc32_mpeg2.o
                0x0000000008008a10                crc32_mpeg2
 .text.firmware_update_configurations_init
                0x0000000008008a74       0xb4 ./Core/Src/firmware_update_config.o
                0x0000000008008a74                firmware_update_configurations_init
 .text.firmware_update_configurations_read
                0x0000000008008b28       0x38 ./Core/Src/firmware_update_config.o
                0x0000000008008b28                firmware_update_configurations_read
 .text.restore_firm_updt_config_flash_memory
                0x0000000008008b60       0x40 ./Core/Src/firmware_update_config.o
 .text.prep_page_swap
                0x0000000008008ba0       0x68 ./Core/Src/firmware_update_config.o
 .text.page_erase
                0x0000000008008c08       0x88 ./Core/Src/firmware_update_config.o
 .text.HAL_ret_handler
                0x0000000008008c90       0x2e ./Core/Src/firmware_update_config.o
 *fill*         0x0000000008008cbe        0x2 
 .text.init_hm10_module
                0x0000000008008cc0       0x1c ./Core/Src/hm10_ble_driver.o
                0x0000000008008cc0                init_hm10_module
 .text.send_hm10_reset_cmd
                0x0000000008008cdc       0xe4 ./Core/Src/hm10_ble_driver.o
                0x0000000008008cdc                send_hm10_reset_cmd
 .text.send_hm10_renew_cmd
                0x0000000008008dc0       0xe4 ./Core/Src/hm10_ble_driver.o
                0x0000000008008dc0                send_hm10_renew_cmd
 .text.set_hm10_name
                0x0000000008008ea4      0x190 ./Core/Src/hm10_ble_driver.o
                0x0000000008008ea4                set_hm10_name
 .text.set_hm10_role
                0x0000000008009034      0x104 ./Core/Src/hm10_ble_driver.o
                0x0000000008009034                set_hm10_role
 .text.set_hm10_pin
                0x0000000008009138      0x194 ./Core/Src/hm10_ble_driver.o
                0x0000000008009138                set_hm10_pin
 .text.set_hm10_pin_code_mode
                0x00000000080092cc      0x104 ./Core/Src/hm10_ble_driver.o
                0x00000000080092cc                set_hm10_pin_code_mode
 .text.set_hm10_module_work_mode
                0x00000000080093d0      0x104 ./Core/Src/hm10_ble_driver.o
                0x00000000080093d0                set_hm10_module_work_mode
 .text.disconnect_hm10_from_bt_address
                0x00000000080094d4      0x10c ./Core/Src/hm10_ble_driver.o
                0x00000000080094d4                disconnect_hm10_from_bt_address
 .text.send_hm10_ota_data
                0x00000000080095e0       0x40 ./Core/Src/hm10_ble_driver.o
                0x00000000080095e0                send_hm10_ota_data
 .text.get_hm10_ota_data
                0x0000000008009620       0x40 ./Core/Src/hm10_ble_driver.o
                0x0000000008009620                get_hm10_ota_data
 .text.HAL_uart_rx_flush
                0x0000000008009660       0x34 ./Core/Src/hm10_ble_driver.o
 .text.HAL_ret_handler
                0x0000000008009694       0x2e ./Core/Src/hm10_ble_driver.o
 *fill*         0x00000000080096c2        0x2 
 .text.main     0x00000000080096c4       0x44 ./Core/Src/main.o
                0x00000000080096c4                main
 .text.SystemClock_Config
                0x0000000008009708       0x74 ./Core/Src/main.o
                0x0000000008009708                SystemClock_Config
 .text.MX_USART1_UART_Init
                0x000000000800977c       0x54 ./Core/Src/main.o
 .text.MX_USART2_UART_Init
                0x00000000080097d0       0x54 ./Core/Src/main.o
 .text.MX_USART3_UART_Init
                0x0000000008009824       0x54 ./Core/Src/main.o
 .text.MX_GPIO_Init
                0x0000000008009878       0xc8 ./Core/Src/main.o
 .text.__io_putchar
                0x0000000008009940       0x24 ./Core/Src/main.o
                0x0000000008009940                __io_putchar
 .text.custom_firmware_update_config_init
                0x0000000008009964       0x98 ./Core/Src/main.o
 .text.custom_init_etx_ota_protocol_module
                0x00000000080099fc       0x74 ./Core/Src/main.o
 .text.validate_application_firmware
                0x0000000008009a70       0xb4 ./Core/Src/main.o
 .text.etx_ota_pre_transaction_handler
                0x0000000008009b24       0x1c ./Core/Src/main.o
                0x0000000008009b24                etx_ota_pre_transaction_handler
 .text.etx_ota_status_resp_handler
                0x0000000008009b40      0x100 ./Core/Src/main.o
                0x0000000008009b40                etx_ota_status_resp_handler
 .text.Error_Handler
                0x0000000008009c40        0xa ./Core/Src/main.o
                0x0000000008009c40                Error_Handler
 *fill*         0x0000000008009c4a        0x2 
 .text.HAL_MspInit
                0x0000000008009c4c       0x44 ./Core/Src/stm32f1xx_hal_msp.o
                0x0000000008009c4c                HAL_MspInit
 .text.HAL_UART_MspInit
                0x0000000008009c90      0x1a0 ./Core/Src/stm32f1xx_hal_msp.o
                0x0000000008009c90                HAL_UART_MspInit
 .text.NMI_Handler
                0x0000000008009e30        0x6 ./Core/Src/stm32f1xx_it.o
                0x0000000008009e30                NMI_Handler
 .text.HardFault_Handler
                0x0000000008009e36        0x6 ./Core/Src/stm32f1xx_it.o
                0x0000000008009e36                HardFault_Handler
 .text.MemManage_Handler
                0x0000000008009e3c        0x6 ./Core/Src/stm32f1xx_it.o
                0x0000000008009e3c                MemManage_Handler
 .text.BusFault_Handler
                0x0000000008009e42        0x6 ./Core/Src/stm32f1xx_it.o
                0x0000000008009e42                BusFault_Handler
 .text.UsageFault_Handler
                0x0000000008009e48        0x6 ./Core/Src/stm32f1xx_it.o
                0x0000000008009e48                UsageFault_Handler
 .text.SVC_Handler
                0x0000000008009e4e        0xc ./Core/Src/stm32f1xx_it.o
                0x0000000008009e4e                SVC_Handler
 .text.DebugMon_Handler
                0x0000000008009e5a        0xc ./Core/Src/stm32f1xx_it.o
                0x0000000008009e5a                DebugMon_Handler
 .text.PendSV_Handler
                0x0000000008009e66        0xc ./Core/Src/stm32f1xx_it.o
                0x0000000008009e66                PendSV_Handler
 .text.SysTick_Handler
                0x0000000008009e72        0xc ./Core/Src/stm32f1xx_it.o
                0x0000000008009e72                SysTick_Handler
 *fill*         0x0000000008009e7e        0x2 
 .text.USART2_IRQHandler
                0x0000000008009e80       0x14 ./Core/Src/stm32f1xx_it.o
                0x0000000008009e80                USART2_IRQHandler
 .text.USART3_IRQHandler
                0x0000000008009e94       0x14 ./Core/Src/stm32f1xx_it.o
                0x0000000008009e94                USART3_IRQHandler
 .text._read    0x0000000008009ea8       0x3a ./Core/Src/syscalls.o
                0x0000000008009ea8                _read
 .text._write   0x0000000008009ee2       0x38 ./Core/Src/syscalls.o
                0x0000000008009ee2                _write
 .text._close   0x0000000008009f1a       0x16 ./Core/Src/syscalls.o
                0x0000000008009f1a                _close
 .text._fstat   0x0000000008009f30       0x1e ./Core/Src/syscalls.o
                0x0000000008009f30                _fstat
 .text._isatty  0x0000000008009f4e       0x14 ./Core/Src/syscalls.o
                0x0000000008009f4e                _isatty
 .text._lseek   0x0000000008009f62       0x18 ./Core/Src/syscalls.o
                0x0000000008009f62                _lseek
 *fill*         0x0000000008009f7a        0x2 
 .text._sbrk    0x0000000008009f7c       0x6c ./Core/Src/sysmem.o
                0x0000000008009f7c                _sbrk
 .text.SystemInit
                0x0000000008009fe8       0x1c ./Core/Src/system_stm32f1xx.o
                0x0000000008009fe8                SystemInit
 .text.Reset_Handler
                0x000000000800a004       0x48 ./Core/Startup/startup_stm32f103c8tx.o
                0x000000000800a004                Reset_Handler
 .text.Default_Handler
                0x000000000800a04c        0x2 ./Core/Startup/startup_stm32f103c8tx.o
                0x000000000800a04c                RTC_Alarm_IRQHandler
                0x000000000800a04c                EXTI2_IRQHandler
                0x000000000800a04c                TIM1_CC_IRQHandler
                0x000000000800a04c                PVD_IRQHandler
                0x000000000800a04c                EXTI3_IRQHandler
                0x000000000800a04c                EXTI0_IRQHandler
                0x000000000800a04c                I2C2_EV_IRQHandler
                0x000000000800a04c                ADC1_2_IRQHandler
                0x000000000800a04c                SPI1_IRQHandler
                0x000000000800a04c                TAMPER_IRQHandler
                0x000000000800a04c                DMA1_Channel4_IRQHandler
                0x000000000800a04c                RTC_IRQHandler
                0x000000000800a04c                DMA1_Channel7_IRQHandler
                0x000000000800a04c                CAN1_RX1_IRQHandler
                0x000000000800a04c                TIM4_IRQHandler
                0x000000000800a04c                I2C1_EV_IRQHandler
                0x000000000800a04c                DMA1_Channel6_IRQHandler
                0x000000000800a04c                TIM3_IRQHandler
                0x000000000800a04c                RCC_IRQHandler
                0x000000000800a04c                TIM1_TRG_COM_IRQHandler
                0x000000000800a04c                DMA1_Channel1_IRQHandler
                0x000000000800a04c                Default_Handler
                0x000000000800a04c                EXTI15_10_IRQHandler
                0x000000000800a04c                EXTI9_5_IRQHandler
                0x000000000800a04c                SPI2_IRQHandler
                0x000000000800a04c                DMA1_Channel5_IRQHandler
                0x000000000800a04c                EXTI4_IRQHandler
                0x000000000800a04c                USB_LP_CAN1_RX0_IRQHandler
                0x000000000800a04c                USB_HP_CAN1_TX_IRQHandler
                0x000000000800a04c                DMA1_Channel3_IRQHandler
                0x000000000800a04c                TIM1_UP_IRQHandler
                0x000000000800a04c                WWDG_IRQHandler
                0x000000000800a04c                TIM2_IRQHandler
                0x000000000800a04c                TIM1_BRK_IRQHandler
                0x000000000800a04c                EXTI1_IRQHandler
                0x000000000800a04c                I2C2_ER_IRQHandler
                0x000000000800a04c                DMA1_Channel2_IRQHandler
                0x000000000800a04c                CAN1_SCE_IRQHandler
                0x000000000800a04c                FLASH_IRQHandler
                0x000000000800a04c                USART1_IRQHandler
                0x000000000800a04c                I2C1_ER_IRQHandler
                0x000000000800a04c                USBWakeUp_IRQHandler
 *fill*         0x000000000800a04e        0x2 
 .text.HAL_Init
                0x000000000800a050       0x2c ./Drivers/STM32F1xx_HAL_Driver/Src/stm32f1xx_hal.o
                0x000000000800a050                HAL_Init
 .text.HAL_InitTick
                0x000000000800a07c       0x60 ./Drivers/STM32F1xx_HAL_Driver/Src/stm32f1xx_hal.o
                0x000000000800a07c                HAL_InitTick
 .text.HAL_IncTick
                0x000000000800a0dc       0x24 ./Drivers/STM32F1xx_HAL_Driver/Src/stm32f1xx_hal.o
                0x000000000800a0dc                HAL_IncTick
 .text.HAL_GetTick
                0x000000000800a100       0x14 ./Drivers/STM32F1xx_HAL_Driver/Src/stm32f1xx_hal.o
                0x000000000800a100                HAL_GetTick
 .text.HAL_Delay
                0x000000000800a114       0x48 ./Drivers/STM32F1xx_HAL_Driver/Src/stm32f1xx_hal.o
                0x000000000800a114                HAL_Delay
 .text.__NVIC_SetPriorityGrouping
                0x000000000800a15c       0x48 ./Drivers/STM32F1xx_HAL_Driver/Src/stm32f1xx_hal_cortex.o
 .text.__NVIC_GetPriorityGrouping
                0x000000000800a1a4       0x1c ./Drivers/STM32F1xx_HAL_Driver/Src/stm32f1xx_hal_cortex.o
 .text.__NVIC_EnableIRQ
                0x000000000800a1c0       0x38 ./Drivers/STM32F1xx_HAL_Driver/Src/stm32f1xx_hal_cortex.o
 .text.__NVIC_SetPriority
                0x000000000800a1f8       0x54 ./Drivers/STM32F1xx_HAL_Driver/Src/stm32f1xx_hal_cortex.o
 .text.NVIC_EncodePriority
                0x000000000800a24c       0x64 ./Drivers/STM32F1xx_HAL_Driver/Src/stm32f1xx_hal_cortex.o
 .text.__NVIC_SystemReset
                0x000000000800a2b0       0x2c ./Drivers/STM32F1xx_HAL_Driver/Src/stm32f1xx_hal_cortex.o
 .text.SysTick_Config
                0x000000000800a2dc       0x44 ./Drivers/STM32F1xx_HAL_Driver/Src/stm32f1xx_hal_cortex.o
 .text.HAL_NVIC_SetPriorityGrouping
                0x000000000800a320       0x16 ./Drivers/STM32F1xx_HAL_Driver/Src/stm32f1xx_hal_cortex.o
                0x000000000800a320                HAL_NVIC_SetPriorityGrouping
 .text.HAL_NVIC_SetPriority
                0x000000000800a336       0x38 ./Drivers/STM32F1xx_HAL_Driver/Src/stm32f1xx_hal_cortex.o
                0x000000000800a336                HAL_NVIC_SetPriority
 .text.HAL_NVIC_EnableIRQ
                0x000000000800a36e       0x1c ./Drivers/STM32F1xx_HAL_Driver/Src/stm32f1xx_hal_cortex.o
                0x000000000800a36e                HAL_NVIC_EnableIRQ
 .text.HAL_NVIC_SystemReset
                0x000000000800a38a        0x8 ./Drivers/STM32F1xx_HAL_Driver/Src/stm32f1xx_hal_cortex.o
                0x000000000800a38a                HAL_NVIC_SystemReset
 .text.HAL_SYSTICK_Config
                0x000000000800a392       0x18 ./Drivers/STM32F1xx_HAL_Driver/Src/stm32f1xx_hal_cortex.o
                0x000000000800a392                HAL_SYSTICK_Config
 .text.HAL_DMA_Abort
                0x000000000800a3aa       0x76 ./Drivers/STM32F1xx_HAL_Driver/Src/stm32f1xx_hal_dma.o
                0x000000000800a3aa                HAL_DMA_Abort
 .text.HAL_DMA_Abort_IT
                0x000000000800a420       0xf0 ./Drivers/STM32F1xx_HAL_Driver/Src/stm32f1xx_hal_dma.o
                0x000000000800a420                HAL_DMA_Abort_IT
 .text.HAL_FLASH_Unlock
                0x000000000800a510       0x4c ./Drivers/STM32F1xx_HAL_Driver/Src/stm32f1xx_hal_flash.o
                0x000000000800a510                HAL_FLASH_Unlock
 .text.HAL_FLASH_Lock
                0x000000000800a55c       0x20 ./Drivers/STM32F1xx_HAL_Driver/Src/stm32f1xx_hal_flash.o
                0x000000000800a55c                HAL_FLASH_Lock
 .text.FLASH_WaitForLastOperation
                0x000000000800a57c       0x8c ./Drivers/STM32F1xx_HAL_Driver/Src/stm32f1xx_hal_flash.o
                0x000000000800a57c                FLASH_WaitForLastOperation
 .text.FLASH_SetErrorCode
                0x000000000800a608       0xa0 ./Drivers/STM32F1xx_HAL_Driver/Src/stm32f1xx_hal_flash.o
 .text.HAL_FLASHEx_Erase
                0x000000000800a6a8       0xd8 ./Drivers/STM32F1xx_HAL_Driver/Src/stm32f1xx_hal_flash_ex.o
                0x000000000800a6a8                HAL_FLASHEx_Erase
 .text.FLASH_MassErase
                0x000000000800a780       0x38 ./Drivers/STM32F1xx_HAL_Driver/Src/stm32f1xx_hal_flash_ex.o
 .text.FLASH_PageErase
                0x000000000800a7b8       0x40 ./Drivers/STM32F1xx_HAL_Driver/Src/stm32f1xx_hal_flash_ex.o
                0x000000000800a7b8                FLASH_PageErase
 .text.HAL_GPIO_Init
                0x000000000800a7f8      0x308 ./Drivers/STM32F1xx_HAL_Driver/Src/stm32f1xx_hal_gpio.o
                0x000000000800a7f8                HAL_GPIO_Init
 .text.HAL_GPIO_ReadPin
                0x000000000800ab00       0x2e ./Drivers/STM32F1xx_HAL_Driver/Src/stm32f1xx_hal_gpio.o
                0x000000000800ab00                HAL_GPIO_ReadPin
 .text.HAL_GPIO_WritePin
                0x000000000800ab2e       0x30 ./Drivers/STM32F1xx_HAL_Driver/Src/stm32f1xx_hal_gpio.o
                0x000000000800ab2e                HAL_GPIO_WritePin
 *fill*         0x000000000800ab5e        0x2 
 .text.HAL_RCC_OscConfig
                0x000000000800ab60      0x504 ./Drivers/STM32F1xx_HAL_Driver/Src/stm32f1xx_hal_rcc.o
                0x000000000800ab60                HAL_RCC_OscConfig
 .text.HAL_RCC_ClockConfig
                0x000000000800b064      0x1d4 ./Drivers/STM32F1xx_HAL_Driver/Src/stm32f1xx_hal_rcc.o
                0x000000000800b064                HAL_RCC_ClockConfig
 .text.HAL_RCC_GetSysClockFreq
                0x000000000800b238       0xa8 ./Drivers/STM32F1xx_HAL_Driver/Src/stm32f1xx_hal_rcc.o
                0x000000000800b238                HAL_RCC_GetSysClockFreq
 .text.HAL_RCC_GetHCLKFreq
                0x000000000800b2e0       0x14 ./Drivers/STM32F1xx_HAL_Driver/Src/stm32f1xx_hal_rcc.o
                0x000000000800b2e0                HAL_RCC_GetHCLKFreq
 .text.HAL_RCC_GetPCLK1Freq
                0x000000000800b2f4       0x28 ./Drivers/STM32F1xx_HAL_Driver/Src/stm32f1xx_hal_rcc.o
                0x000000000800b2f4                HAL_RCC_GetPCLK1Freq
 .text.HAL_RCC_GetPCLK2Freq
                0x000000000800b31c       0x28 ./Drivers/STM32F1xx_HAL_Driver/Src/stm32f1xx_hal_rcc.o
                0x000000000800b31c                HAL_RCC_GetPCLK2Freq
 .text.RCC_Delay
                0x000000000800b344       0x3c ./Drivers/STM32F1xx_HAL_Driver/Src/stm32f1xx_hal_rcc.o
 .text.HAL_UART_Init
                0x000000000800b380       0xa0 ./Drivers/STM32F1xx_HAL_Driver/Src/stm32f1xx_hal_uart.o
                0x000000000800b380                HAL_UART_Init
 .text.HAL_UART_Transmit
                0x000000000800b420      0x106 ./Drivers/STM32F1xx_HAL_Driver/Src/stm32f1xx_hal_uart.o
                0x000000000800b420                HAL_UART_Transmit
 .text.HAL_UART_Receive
                0x000000000800b526      0x124 ./Drivers/STM32F1xx_HAL_Driver/Src/stm32f1xx_hal_uart.o
                0x000000000800b526                HAL_UART_Receive
 .text.HAL_UART_Receive_IT
                0x000000000800b64a       0x4a ./Drivers/STM32F1xx_HAL_Driver/Src/stm32f1xx_hal_uart.o
                0x000000000800b64a                HAL_UART_Receive_IT
 .text.HAL_UART_IRQHandler
                0x000000000800b694      0x524 ./Drivers/STM32F1xx_HAL_Driver/Src/stm32f1xx_hal_uart.o
                0x000000000800b694                HAL_UART_IRQHandler
 .text.HAL_UART_TxCpltCallback
                0x000000000800bbb8       0x12 ./Drivers/STM32F1xx_HAL_Driver/Src/stm32f1xx_hal_uart.o
                0x000000000800bbb8                HAL_UART_TxCpltCallback
 .text.HAL_UART_ErrorCallback
                0x000000000800bbca       0x12 ./Drivers/STM32F1xx_HAL_Driver/Src/stm32f1xx_hal_uart.o
                0x000000000800bbca                HAL_UART_ErrorCallback
 .text.HAL_UARTEx_RxEventCallback
                0x000000000800bbdc       0x16 ./Drivers/STM32F1xx_HAL_Driver/Src/stm32f1xx_hal_uart.o
                0x000000000800bbdc                HAL_UARTEx_RxEventCallback
 .text.UART_WaitOnFlagUntilTimeout
                0x000000000800bbf2       0xdc ./Drivers/STM32F1xx_HAL_Driver/Src/stm32f1xx_hal_uart.o
 .text.UART_Start_Receive_IT
                0x000000000800bcce       0x72 ./Drivers/STM32F1xx_HAL_Driver/Src/stm32f1xx_hal_uart.o
                0x000000000800bcce                UART_Start_Receive_IT
 .text.UART_EndRxTransfer
                0x000000000800bd40       0xc4 ./Drivers/STM32F1xx_HAL_Driver/Src/stm32f1xx_hal_uart.o
 .text.UART_DMAAbortOnError
                0x000000000800be04       0x28 ./Drivers/STM32F1xx_HAL_Driver/Src/stm32f1xx_hal_uart.o
 .text.UART_Transmit_IT
                0x000000000800be2c       0x9e ./Drivers/STM32F1xx_HAL_Driver/Src/stm32f1xx_hal_uart.o
 .text.UART_EndTransmit_IT
                0x000000000800beca       0x30 ./Drivers/STM32F1xx_HAL_Driver/Src/stm32f1xx_hal_uart.o
 .text.UART_Receive_IT
                0x000000000800befa      0x17c ./Drivers/STM32F1xx_HAL_Driver/Src/stm32f1xx_hal_uart.o
 *fill*         0x000000000800c076        0x2 
 .text.UART_SetConfig
                0x000000000800c078      0x11c ./Drivers/STM32F1xx_HAL_Driver/Src/stm32f1xx_hal_uart.o
 .text.std      0x000000000800c194       0x48 C:/ST/STM32CubeIDE_1.13.1/STM32CubeIDE/plugins/com.st.stm32cube.ide.mcu.externaltools.gnu-tools-for-stm32.11.3.rel1.win32_1.1.0.202305231506/tools/bin/../lib/gcc/arm-none-eabi/11.3.1/../../../../arm-none-eabi/lib/thumb/v7-m/nofp\libc_nano.a(libc_a-findfp.o)
 .text.stdio_exit_handler
                0x000000000800c1dc       0x18 C:/ST/STM32CubeIDE_1.13.1/STM32CubeIDE/plugins/com.st.stm32cube.ide.mcu.externaltools.gnu-tools-for-stm32.11.3.rel1.win32_1.1.0.202305231506/tools/bin/../lib/gcc/arm-none-eabi/11.3.1/../../../../arm-none-eabi/lib/thumb/v7-m/nofp\libc_nano.a(libc_a-findfp.o)
 .text.cleanup_stdio
                0x000000000800c1f4       0x40 C:/ST/STM32CubeIDE_1.13.1/STM32CubeIDE/plugins/com.st.stm32cube.ide.mcu.externaltools.gnu-tools-for-stm32.11.3.rel1.win32_1.1.0.202305231506/tools/bin/../lib/gcc/arm-none-eabi/11.3.1/../../../../arm-none-eabi/lib/thumb/v7-m/nofp\libc_nano.a(libc_a-findfp.o)
 .text.global_stdio_init.part.0
                0x000000000800c234       0x3c C:/ST/STM32CubeIDE_1.13.1/STM32CubeIDE/plugins/com.st.stm32cube.ide.mcu.externaltools.gnu-tools-for-stm32.11.3.rel1.win32_1.1.0.202305231506/tools/bin/../lib/gcc/arm-none-eabi/11.3.1/../../../../arm-none-eabi/lib/thumb/v7-m/nofp\libc_nano.a(libc_a-findfp.o)
 .text.__sfp_lock_acquire
                0x000000000800c270        0xc C:/ST/STM32CubeIDE_1.13.1/STM32CubeIDE/plugins/com.st.stm32cube.ide.mcu.externaltools.gnu-tools-for-stm32.11.3.rel1.win32_1.1.0.202305231506/tools/bin/../lib/gcc/arm-none-eabi/11.3.1/../../../../arm-none-eabi/lib/thumb/v7-m/nofp\libc_nano.a(libc_a-findfp.o)
                0x000000000800c270                __sfp_lock_acquire
 .text.__sfp_lock_release
                0x000000000800c27c        0xc C:/ST/STM32CubeIDE_1.13.1/STM32CubeIDE/plugins/com.st.stm32cube.ide.mcu.externaltools.gnu-tools-for-stm32.11.3.rel1.win32_1.1.0.202305231506/tools/bin/../lib/gcc/arm-none-eabi/11.3.1/../../../../arm-none-eabi/lib/thumb/v7-m/nofp\libc_nano.a(libc_a-findfp.o)
                0x000000000800c27c                __sfp_lock_release
 .text.__sinit  0x000000000800c288       0x30 C:/ST/STM32CubeIDE_1.13.1/STM32CubeIDE/plugins/com.st.stm32cube.ide.mcu.externaltools.gnu-tools-for-stm32.11.3.rel1.win32_1.1.0.202305231506/tools/bin/../lib/gcc/arm-none-eabi/11.3.1/../../../../arm-none-eabi/lib/thumb/v7-m/nofp\libc_nano.a(libc_a-findfp.o)
                0x000000000800c288                __sinit
 .text._fwalk_sglue
                0x000000000800c2b8       0x3c C:/ST/STM32CubeIDE_1.13.1/STM32CubeIDE/plugins/com.st.stm32cube.ide.mcu.externaltools.gnu-tools-for-stm32.11.3.rel1.win32_1.1.0.202305231506/tools/bin/../lib/gcc/arm-none-eabi/11.3.1/../../../../arm-none-eabi/lib/thumb/v7-m/nofp\libc_nano.a(libc_a-fwalk.o)
                0x000000000800c2b8                _fwalk_sglue
 .text.printf   0x000000000800c2f4       0x24 C:/ST/STM32CubeIDE_1.13.1/STM32CubeIDE/plugins/com.st.stm32cube.ide.mcu.externaltools.gnu-tools-for-stm32.11.3.rel1.win32_1.1.0.202305231506/tools/bin/../lib/gcc/arm-none-eabi/11.3.1/../../../../arm-none-eabi/lib/thumb/v7-m/nofp\libc_nano.a(libc_a-printf.o)
                0x000000000800c2f4                iprintf
                0x000000000800c2f4                printf
 .text._puts_r  0x000000000800c318       0xa8 C:/ST/STM32CubeIDE_1.13.1/STM32CubeIDE/plugins/com.st.stm32cube.ide.mcu.externaltools.gnu-tools-for-stm32.11.3.rel1.win32_1.1.0.202305231506/tools/bin/../lib/gcc/arm-none-eabi/11.3.1/../../../../arm-none-eabi/lib/thumb/v7-m/nofp\libc_nano.a(libc_a-puts.o)
                0x000000000800c318                _puts_r
 .text.puts     0x000000000800c3c0       0x10 C:/ST/STM32CubeIDE_1.13.1/STM32CubeIDE/plugins/com.st.stm32cube.ide.mcu.externaltools.gnu-tools-for-stm32.11.3.rel1.win32_1.1.0.202305231506/tools/bin/../lib/gcc/arm-none-eabi/11.3.1/../../../../arm-none-eabi/lib/thumb/v7-m/nofp\libc_nano.a(libc_a-puts.o)
                0x000000000800c3c0                puts
 .text.__sread  0x000000000800c3d0       0x22 C:/ST/STM32CubeIDE_1.13.1/STM32CubeIDE/plugins/com.st.stm32cube.ide.mcu.externaltools.gnu-tools-for-stm32.11.3.rel1.win32_1.1.0.202305231506/tools/bin/../lib/gcc/arm-none-eabi/11.3.1/../../../../arm-none-eabi/lib/thumb/v7-m/nofp\libc_nano.a(libc_a-stdio.o)
                0x000000000800c3d0                __sread
 .text.__swrite
                0x000000000800c3f2       0x38 C:/ST/STM32CubeIDE_1.13.1/STM32CubeIDE/plugins/com.st.stm32cube.ide.mcu.externaltools.gnu-tools-for-stm32.11.3.rel1.win32_1.1.0.202305231506/tools/bin/../lib/gcc/arm-none-eabi/11.3.1/../../../../arm-none-eabi/lib/thumb/v7-m/nofp\libc_nano.a(libc_a-stdio.o)
                0x000000000800c3f2                __swrite
 .text.__sseek  0x000000000800c42a       0x24 C:/ST/STM32CubeIDE_1.13.1/STM32CubeIDE/plugins/com.st.stm32cube.ide.mcu.externaltools.gnu-tools-for-stm32.11.3.rel1.win32_1.1.0.202305231506/tools/bin/../lib/gcc/arm-none-eabi/11.3.1/../../../../arm-none-eabi/lib/thumb/v7-m/nofp\libc_nano.a(libc_a-stdio.o)
                0x000000000800c42a                __sseek
 .text.__sclose
                0x000000000800c44e        0x8 C:/ST/STM32CubeIDE_1.13.1/STM32CubeIDE/plugins/com.st.stm32cube.ide.mcu.externaltools.gnu-tools-for-stm32.11.3.rel1.win32_1.1.0.202305231506/tools/bin/../lib/gcc/arm-none-eabi/11.3.1/../../../../arm-none-eabi/lib/thumb/v7-m/nofp\libc_nano.a(libc_a-stdio.o)
                0x000000000800c44e                __sclose
 .text.__swbuf_r
                0x000000000800c456       0x7a C:/ST/STM32CubeIDE_1.13.1/STM32CubeIDE/plugins/com.st.stm32cube.ide.mcu.externaltools.gnu-tools-for-stm32.11.3.rel1.win32_1.1.0.202305231506/tools/bin/../lib/gcc/arm-none-eabi/11.3.1/../../../../arm-none-eabi/lib/thumb/v7-m/nofp\libc_nano.a(libc_a-wbuf.o)
                0x000000000800c456                __swbuf_r
 .text.__swsetup_r
                0x000000000800c4d0       0xb0 C:/ST/STM32CubeIDE_1.13.1/STM32CubeIDE/plugins/com.st.stm32cube.ide.mcu.externaltools.gnu-tools-for-stm32.11.3.rel1.win32_1.1.0.202305231506/tools/bin/../lib/gcc/arm-none-eabi/11.3.1/../../../../arm-none-eabi/lib/thumb/v7-m/nofp\libc_nano.a(libc_a-wsetup.o)
                0x000000000800c4d0                __swsetup_r
 .text.memset   0x000000000800c580       0x10 C:/ST/STM32CubeIDE_1.13.1/STM32CubeIDE/plugins/com.st.stm32cube.ide.mcu.externaltools.gnu-tools-for-stm32.11.3.rel1.win32_1.1.0.202305231506/tools/bin/../lib/gcc/arm-none-eabi/11.3.1/../../../../arm-none-eabi/lib/thumb/v7-m/nofp\libc_nano.a(libc_a-memset.o)
                0x000000000800c580                memset
 .text._close_r
                0x000000000800c590       0x20 C:/ST/STM32CubeIDE_1.13.1/STM32CubeIDE/plugins/com.st.stm32cube.ide.mcu.externaltools.gnu-tools-for-stm32.11.3.rel1.win32_1.1.0.202305231506/tools/bin/../lib/gcc/arm-none-eabi/11.3.1/../../../../arm-none-eabi/lib/thumb/v7-m/nofp\libc_nano.a(libc_a-closer.o)
                0x000000000800c590                _close_r
 .text._lseek_r
                0x000000000800c5b0       0x24 C:/ST/STM32CubeIDE_1.13.1/STM32CubeIDE/plugins/com.st.stm32cube.ide.mcu.externaltools.gnu-tools-for-stm32.11.3.rel1.win32_1.1.0.202305231506/tools/bin/../lib/gcc/arm-none-eabi/11.3.1/../../../../arm-none-eabi/lib/thumb/v7-m/nofp\libc_nano.a(libc_a-lseekr.o)
                0x000000000800c5b0                _lseek_r
 .text._read_r  0x000000000800c5d4       0x24 C:/ST/STM32CubeIDE_1.13.1/STM32CubeIDE/plugins/com.st.stm32cube.ide.mcu.externaltools.gnu-tools-for-stm32.11.3.rel1.win32_1.1.0.202305231506/tools/bin/../lib/gcc/arm-none-eabi/11.3.1/../../../../arm-none-eabi/lib/thumb/v7-m/nofp\libc_nano.a(libc_a-readr.o)
                0x000000000800c5d4                _read_r
 .text._write_r
                0x000000000800c5f8       0x24 C:/ST/STM32CubeIDE_1.13.1/STM32CubeIDE/plugins/com.st.stm32cube.ide.mcu.externaltools.gnu-tools-for-stm32.11.3.rel1.win32_1.1.0.202305231506/tools/bin/../lib/gcc/arm-none-eabi/11.3.1/../../../../arm-none-eabi/lib/thumb/v7-m/nofp\libc_nano.a(libc_a-writer.o)
                0x000000000800c5f8                _write_r
 .text.__errno  0x000000000800c61c        0xc C:/ST/STM32CubeIDE_1.13.1/STM32CubeIDE/plugins/com.st.stm32cube.ide.mcu.externaltools.gnu-tools-for-stm32.11.3.rel1.win32_1.1.0.202305231506/tools/bin/../lib/gcc/arm-none-eabi/11.3.1/../../../../arm-none-eabi/lib/thumb/v7-m/nofp\libc_nano.a(libc_a-errno.o)
                0x000000000800c61c                __errno
 .text.__libc_init_array
                0x000000000800c628       0x48 C:/ST/STM32CubeIDE_1.13.1/STM32CubeIDE/plugins/com.st.stm32cube.ide.mcu.externaltools.gnu-tools-for-stm32.11.3.rel1.win32_1.1.0.202305231506/tools/bin/../lib/gcc/arm-none-eabi/11.3.1/../../../../arm-none-eabi/lib/thumb/v7-m/nofp\libc_nano.a(libc_a-init.o)
                0x000000000800c628                __libc_init_array
 .text.__retarget_lock_acquire_recursive
                0x000000000800c670        0x2 C:/ST/STM32CubeIDE_1.13.1/STM32CubeIDE/plugins/com.st.stm32cube.ide.mcu.externaltools.gnu-tools-for-stm32.11.3.rel1.win32_1.1.0.202305231506/tools/bin/../lib/gcc/arm-none-eabi/11.3.1/../../../../arm-none-eabi/lib/thumb/v7-m/nofp\libc_nano.a(libc_a-lock.o)
                0x000000000800c670                __retarget_lock_acquire_recursive
 .text.__retarget_lock_release_recursive
                0x000000000800c672        0x2 C:/ST/STM32CubeIDE_1.13.1/STM32CubeIDE/plugins/com.st.stm32cube.ide.mcu.externaltools.gnu-tools-for-stm32.11.3.rel1.win32_1.1.0.202305231506/tools/bin/../lib/gcc/arm-none-eabi/11.3.1/../../../../arm-none-eabi/lib/thumb/v7-m/nofp\libc_nano.a(libc_a-lock.o)
                0x000000000800c672                __retarget_lock_release_recursive
 .text.memcpy   0x000000000800c674       0x1c C:/ST/STM32CubeIDE_1.13.1/STM32CubeIDE/plugins/com.st.stm32cube.ide.mcu.externaltools.gnu-tools-for-stm32.11.3.rel1.win32_1.1.0.202305231506/tools/bin/../lib/gcc/arm-none-eabi/11.3.1/../../../../arm-none-eabi/lib/thumb/v7-m/nofp\libc_nano.a(libc_a-memcpy-stub.o)
                0x000000000800c674                memcpy
 .text._free_r  0x000000000800c690       0x90 C:/ST/STM32CubeIDE_1.13.1/STM32CubeIDE/plugins/com.st.stm32cube.ide.mcu.externaltools.gnu-tools-for-stm32.11.3.rel1.win32_1.1.0.202305231506/tools/bin/../lib/gcc/arm-none-eabi/11.3.1/../../../../arm-none-eabi/lib/thumb/v7-m/nofp\libc_nano.a(libc_a-freer.o)
                0x000000000800c690                _free_r
 .text.sbrk_aligned
                0x000000000800c720       0x40 C:/ST/STM32CubeIDE_1.13.1/STM32CubeIDE/plugins/com.st.stm32cube.ide.mcu.externaltools.gnu-tools-for-stm32.11.3.rel1.win32_1.1.0.202305231506/tools/bin/../lib/gcc/arm-none-eabi/11.3.1/../../../../arm-none-eabi/lib/thumb/v7-m/nofp\libc_nano.a(libc_a-mallocr.o)
 .text._malloc_r
                0x000000000800c760      0x100 C:/ST/STM32CubeIDE_1.13.1/STM32CubeIDE/plugins/com.st.stm32cube.ide.mcu.externaltools.gnu-tools-for-stm32.11.3.rel1.win32_1.1.0.202305231506/tools/bin/../lib/gcc/arm-none-eabi/11.3.1/../../../../arm-none-eabi/lib/thumb/v7-m/nofp\libc_nano.a(libc_a-mallocr.o)
                0x000000000800c760                _malloc_r
 .text.__malloc_lock
                0x000000000800c860        0xc C:/ST/STM32CubeIDE_1.13.1/STM32CubeIDE/plugins/com.st.stm32cube.ide.mcu.externaltools.gnu-tools-for-stm32.11.3.rel1.win32_1.1.0.202305231506/tools/bin/../lib/gcc/arm-none-eabi/11.3.1/../../../../arm-none-eabi/lib/thumb/v7-m/nofp\libc_nano.a(libc_a-mlock.o)
                0x000000000800c860                __malloc_lock
 .text.__malloc_unlock
                0x000000000800c86c        0xc C:/ST/STM32CubeIDE_1.13.1/STM32CubeIDE/plugins/com.st.stm32cube.ide.mcu.externaltools.gnu-tools-for-stm32.11.3.rel1.win32_1.1.0.202305231506/tools/bin/../lib/gcc/arm-none-eabi/11.3.1/../../../../arm-none-eabi/lib/thumb/v7-m/nofp\libc_nano.a(libc_a-mlock.o)
                0x000000000800c86c                __malloc_unlock
 .text.__sfputc_r
                0x000000000800c878       0x2a C:/ST/STM32CubeIDE_1.13.1/STM32CubeIDE/plugins/com.st.stm32cube.ide.mcu.externaltools.gnu-tools-for-stm32.11.3.rel1.win32_1.1.0.202305231506/tools/bin/../lib/gcc/arm-none-eabi/11.3.1/../../../../arm-none-eabi/lib/thumb/v7-m/nofp\libc_nano.a(libc_a-nano-vfprintf.o)
 .text.__sfputs_r
                0x000000000800c8a2       0x24 C:/ST/STM32CubeIDE_1.13.1/STM32CubeIDE/plugins/com.st.stm32cube.ide.mcu.externaltools.gnu-tools-for-stm32.11.3.rel1.win32_1.1.0.202305231506/tools/bin/../lib/gcc/arm-none-eabi/11.3.1/../../../../arm-none-eabi/lib/thumb/v7-m/nofp\libc_nano.a(libc_a-nano-vfprintf.o)
                0x000000000800c8a2                __sfputs_r
 *fill*         0x000000000800c8c6        0x2 
 .text._vfprintf_r
                0x000000000800c8c8      0x234 C:/ST/STM32CubeIDE_1.13.1/STM32CubeIDE/plugins/com.st.stm32cube.ide.mcu.externaltools.gnu-tools-for-stm32.11.3.rel1.win32_1.1.0.202305231506/tools/bin/../lib/gcc/arm-none-eabi/11.3.1/../../../../arm-none-eabi/lib/thumb/v7-m/nofp\libc_nano.a(libc_a-nano-vfprintf.o)
                0x000000000800c8c8                _vfprintf_r
                0x000000000800c8c8                _vfiprintf_r
 .text._printf_common
                0x000000000800cafc       0xe4 C:/ST/STM32CubeIDE_1.13.1/STM32CubeIDE/plugins/com.st.stm32cube.ide.mcu.externaltools.gnu-tools-for-stm32.11.3.rel1.win32_1.1.0.202305231506/tools/bin/../lib/gcc/arm-none-eabi/11.3.1/../../../../arm-none-eabi/lib/thumb/v7-m/nofp\libc_nano.a(libc_a-nano-vfprintf_i.o)
                0x000000000800cafc                _printf_common
 .text._printf_i
                0x000000000800cbe0      0x244 C:/ST/STM32CubeIDE_1.13.1/STM32CubeIDE/plugins/com.st.stm32cube.ide.mcu.externaltools.gnu-tools-for-stm32.11.3.rel1.win32_1.1.0.202305231506/tools/bin/../lib/gcc/arm-none-eabi/11.3.1/../../../../arm-none-eabi/lib/thumb/v7-m/nofp\libc_nano.a(libc_a-nano-vfprintf_i.o)
                0x000000000800cbe0                _printf_i
 .text.__sflush_r
                0x000000000800ce24      0x104 C:/ST/STM32CubeIDE_1.13.1/STM32CubeIDE/plugins/com.st.stm32cube.ide.mcu.externaltools.gnu-tools-for-stm32.11.3.rel1.win32_1.1.0.202305231506/tools/bin/../lib/gcc/arm-none-eabi/11.3.1/../../../../arm-none-eabi/lib/thumb/v7-m/nofp\libc_nano.a(libc_a-fflush.o)
                0x000000000800ce24                __sflush_r
 .text._fflush_r
                0x000000000800cf28       0x50 C:/ST/STM32CubeIDE_1.13.1/STM32CubeIDE/plugins/com.st.stm32cube.ide.mcu.externaltools.gnu-tools-for-stm32.11.3.rel1.win32_1.1.0.202305231506/tools/bin/../lib/gcc/arm-none-eabi/11.3.1/../../../../arm-none-eabi/lib/thumb/v7-m/nofp\libc_nano.a(libc_a-fflush.o)
                0x000000000800cf28                _fflush_r
 .text.__swhatbuf_r
                0x000000000800cf78       0x4a C:/ST/STM32CubeIDE_1.13.1/STM32CubeIDE/plugins/com.st.stm32cube.ide.mcu.externaltools.gnu-tools-for-stm32.11.3.rel1.win32_1.1.0.202305231506/tools/bin/../lib/gcc/arm-none-eabi/11.3.1/../../../../arm-none-eabi/lib/thumb/v7-m/nofp\libc_nano.a(libc_a-makebuf.o)
                0x000000000800cf78                __swhatbuf_r
 .text.__smakebuf_r
                0x000000000800cfc2       0x78 C:/ST/STM32CubeIDE_1.13.1/STM32CubeIDE/plugins/com.st.stm32cube.ide.mcu.externaltools.gnu-tools-for-stm32.11.3.rel1.win32_1.1.0.202305231506/tools/bin/../lib/gcc/arm-none-eabi/11.3.1/../../../../arm-none-eabi/lib/thumb/v7-m/nofp\libc_nano.a(libc_a-makebuf.o)
                0x000000000800cfc2                __smakebuf_r
 *fill*         0x000000000800d03a        0x2 
 .text._fstat_r
                0x000000000800d03c       0x24 C:/ST/STM32CubeIDE_1.13.1/STM32CubeIDE/plugins/com.st.stm32cube.ide.mcu.externaltools.gnu-tools-for-stm32.11.3.rel1.win32_1.1.0.202305231506/tools/bin/../lib/gcc/arm-none-eabi/11.3.1/../../../../arm-none-eabi/lib/thumb/v7-m/nofp\libc_nano.a(libc_a-fstatr.o)
                0x000000000800d03c                _fstat_r
 .text._isatty_r
                0x000000000800d060       0x20 C:/ST/STM32CubeIDE_1.13.1/STM32CubeIDE/plugins/com.st.stm32cube.ide.mcu.externaltools.gnu-tools-for-stm32.11.3.rel1.win32_1.1.0.202305231506/tools/bin/../lib/gcc/arm-none-eabi/11.3.1/../../../../arm-none-eabi/lib/thumb/v7-m/nofp\libc_nano.a(libc_a-isattyr.o)
                0x000000000800d060                _isatty_r
 .text._sbrk_r  0x000000000800d080       0x20 C:/ST/STM32CubeIDE_1.13.1/STM32CubeIDE/plugins/com.st.stm32cube.ide.mcu.externaltools.gnu-tools-for-stm32.11.3.rel1.win32_1.1.0.202305231506/tools/bin/../lib/gcc/arm-none-eabi/11.3.1/../../../../arm-none-eabi/lib/thumb/v7-m/nofp\libc_nano.a(libc_a-sbrkr.o)
                0x000000000800d080                _sbrk_r
 .text.memchr   0x000000000800d0a0       0x1c C:/ST/STM32CubeIDE_1.13.1/STM32CubeIDE/plugins/com.st.stm32cube.ide.mcu.externaltools.gnu-tools-for-stm32.11.3.rel1.win32_1.1.0.202305231506/tools/bin/../lib/gcc/arm-none-eabi/11.3.1/../../../../arm-none-eabi/lib/thumb/v7-m/nofp\libc_nano.a(libc_a-memchr-stub.o)
                0x000000000800d0a0                memchr
 *(.glue_7)
 .glue_7        0x000000000800d0bc        0x0 linker stubs
 *(.glue_7t)
 .glue_7t       0x000000000800d0bc        0x0 linker stubs
 *(.eh_frame)
 .eh_frame      0x000000000800d0bc        0x0 C:/ST/STM32CubeIDE_1.13.1/STM32CubeIDE/plugins/com.st.stm32cube.ide.mcu.externaltools.gnu-tools-for-stm32.11.3.rel1.win32_1.1.0.202305231506/tools/bin/../lib/gcc/arm-none-eabi/11.3.1/thumb/v7-m/nofp/crtbegin.o
 *(.init)
 .init          0x000000000800d0bc        0x4 C:/ST/STM32CubeIDE_1.13.1/STM32CubeIDE/plugins/com.st.stm32cube.ide.mcu.externaltools.gnu-tools-for-stm32.11.3.rel1.win32_1.1.0.202305231506/tools/bin/../lib/gcc/arm-none-eabi/11.3.1/thumb/v7-m/nofp/crti.o
                0x000000000800d0bc                _init
 .init          0x000000000800d0c0        0x8 C:/ST/STM32CubeIDE_1.13.1/STM32CubeIDE/plugins/com.st.stm32cube.ide.mcu.externaltools.gnu-tools-for-stm32.11.3.rel1.win32_1.1.0.202305231506/tools/bin/../lib/gcc/arm-none-eabi/11.3.1/thumb/v7-m/nofp/crtn.o
 *(.fini)
 .fini          0x000000000800d0c8        0x4 C:/ST/STM32CubeIDE_1.13.1/STM32CubeIDE/plugins/com.st.stm32cube.ide.mcu.externaltools.gnu-tools-for-stm32.11.3.rel1.win32_1.1.0.202305231506/tools/bin/../lib/gcc/arm-none-eabi/11.3.1/thumb/v7-m/nofp/crti.o
                0x000000000800d0c8                _fini
 .fini          0x000000000800d0cc        0x8 C:/ST/STM32CubeIDE_1.13.1/STM32CubeIDE/plugins/com.st.stm32cube.ide.mcu.externaltools.gnu-tools-for-stm32.11.3.rel1.win32_1.1.0.202305231506/tools/bin/../lib/gcc/arm-none-eabi/11.3.1/thumb/v7-m/nofp/crtn.o
                0x000000000800d0d4                . = ALIGN (0x4)
                0x000000000800d0d4                _etext = .

.vfp11_veneer   0x000000000800d0d4        0x0
 .vfp11_veneer  0x000000000800d0d4        0x0 linker stubs

.v4_bx          0x000000000800d0d4        0x0
 .v4_bx         0x000000000800d0d4        0x0 linker stubs

.iplt           0x000000000800d0d4        0x0
 .iplt          0x000000000800d0d4        0x0 C:/ST/STM32CubeIDE_1.13.1/STM32CubeIDE/plugins/com.st.stm32cube.ide.mcu.externaltools.gnu-tools-for-stm32.11.3.rel1.win32_1.1.0.202305231506/tools/bin/../lib/gcc/arm-none-eabi/11.3.1/thumb/v7-m/nofp/crtbegin.o

.rodata         0x000000000800d0d4      0xb58
                0x000000000800d0d4                . = ALIGN (0x4)
 *(.rodata)
 .rodata        0x000000000800d0d4       0x12 ./Core/Src/app_side_etx_ota.o
 *fill*         0x000000000800d0e6        0x2 
 .rodata        0x000000000800d0e8      0x6e3 ./Core/Src/main.o
 *(.rodata*)
 *fill*         0x000000000800d7cb        0x1 
 .rodata.crc_table
                0x000000000800d7cc      0x400 ./Core/Src/crc32_mpeg2.o
 .rodata.AHBPrescTable
                0x000000000800dbcc       0x10 ./Core/Src/system_stm32f1xx.o
                0x000000000800dbcc                AHBPrescTable
 .rodata.APBPrescTable
                0x000000000800dbdc        0x8 ./Core/Src/system_stm32f1xx.o
                0x000000000800dbdc                APBPrescTable
 .rodata.aPLLMULFactorTable.1
                0x000000000800dbe4       0x10 ./Drivers/STM32F1xx_HAL_Driver/Src/stm32f1xx_hal_rcc.o
 .rodata.aPredivFactorTable.0
                0x000000000800dbf4        0x2 ./Drivers/STM32F1xx_HAL_Driver/Src/stm32f1xx_hal_rcc.o
 .rodata._vfprintf_r.str1.1
                0x000000000800dbf6       0x11 C:/ST/STM32CubeIDE_1.13.1/STM32CubeIDE/plugins/com.st.stm32cube.ide.mcu.externaltools.gnu-tools-for-stm32.11.3.rel1.win32_1.1.0.202305231506/tools/bin/../lib/gcc/arm-none-eabi/11.3.1/../../../../arm-none-eabi/lib/thumb/v7-m/nofp\libc_nano.a(libc_a-nano-vfprintf.o)
 .rodata._printf_i.str1.1
                0x000000000800dc07       0x22 C:/ST/STM32CubeIDE_1.13.1/STM32CubeIDE/plugins/com.st.stm32cube.ide.mcu.externaltools.gnu-tools-for-stm32.11.3.rel1.win32_1.1.0.202305231506/tools/bin/../lib/gcc/arm-none-eabi/11.3.1/../../../../arm-none-eabi/lib/thumb/v7-m/nofp\libc_nano.a(libc_a-nano-vfprintf_i.o)
                0x000000000800dc2c                . = ALIGN (0x4)
 *fill*         0x000000000800dc29        0x3 

.rel.dyn        0x000000000800dc2c        0x0
 .rel.iplt      0x000000000800dc2c        0x0 C:/ST/STM32CubeIDE_1.13.1/STM32CubeIDE/plugins/com.st.stm32cube.ide.mcu.externaltools.gnu-tools-for-stm32.11.3.rel1.win32_1.1.0.202305231506/tools/bin/../lib/gcc/arm-none-eabi/11.3.1/thumb/v7-m/nofp/crtbegin.o

.ARM.extab      0x000000000800dc2c        0x0
                0x000000000800dc2c                . = ALIGN (0x4)
 *(.ARM.extab* .gnu.linkonce.armextab.*)
                0x000000000800dc2c                . = ALIGN (0x4)

.ARM            0x000000000800dc2c        0x0
                0x000000000800dc2c                . = ALIGN (0x4)
                0x000000000800dc2c                __exidx_start = .
 *(.ARM.exidx*)
                0x000000000800dc2c                __exidx_end = .
                0x000000000800dc2c                . = ALIGN (0x4)

.preinit_array  0x000000000800dc2c        0x0
                0x000000000800dc2c                . = ALIGN (0x4)
                0x000000000800dc2c                PROVIDE (__preinit_array_start = .)
 *(.preinit_array*)
                0x000000000800dc2c                PROVIDE (__preinit_array_end = .)
                0x000000000800dc2c                . = ALIGN (0x4)

.init_array     0x000000000800dc2c        0x4
                0x000000000800dc2c                . = ALIGN (0x4)
                0x000000000800dc2c                PROVIDE (__init_array_start = .)
 *(SORT_BY_NAME(.init_array.*))
 *(.init_array*)
 .init_array    0x000000000800dc2c        0x4 C:/ST/STM32CubeIDE_1.13.1/STM32CubeIDE/plugins/com.st.stm32cube.ide.mcu.externaltools.gnu-tools-for-stm32.11.3.rel1.win32_1.1.0.202305231506/tools/bin/../lib/gcc/arm-none-eabi/11.3.1/thumb/v7-m/nofp/crtbegin.o
                0x000000000800dc30                PROVIDE (__init_array_end = .)
                0x000000000800dc30                . = ALIGN (0x4)

.fini_array     0x000000000800dc30        0x4
                0x000000000800dc30                . = ALIGN (0x4)
                [!provide]                        PROVIDE (__fini_array_start = .)
 *(SORT_BY_NAME(.fini_array.*))
 *(.fini_array*)
 .fini_array    0x000000000800dc30        0x4 C:/ST/STM32CubeIDE_1.13.1/STM32CubeIDE/plugins/com.st.stm32cube.ide.mcu.externaltools.gnu-tools-for-stm32.11.3.rel1.win32_1.1.0.202305231506/tools/bin/../lib/gcc/arm-none-eabi/11.3.1/thumb/v7-m/nofp/crtbegin.o
                [!provide]                        PROVIDE (__fini_array_end = .)
                0x000000000800dc34                . = ALIGN (0x4)
                0x000000000800dc34                _sidata = LOADADDR (.data)

.data           0x0000000020000000       0x98 load address 0x000000000800dc34
                0x0000000020000000                . = ALIGN (0x4)
                0x0000000020000000                _sdata = .
 *(.data)
 *(.data*)
 .data.HM10_Set_Name_resp_without_name_value
                0x0000000020000000        0x7 ./Core/Src/hm10_ble_driver.o
 *fill*         0x0000000020000007        0x1 
 .data.HM10_Set_Role_resp_without_role_value
                0x0000000020000008        0x4 ./Core/Src/hm10_ble_driver.o
 .data.HM10_Set_Pin_resp_without_pin_value
                0x000000002000000c        0x4 ./Core/Src/hm10_ble_driver.o
 .data.HM10_Set_Type_resp_without_type_value
                0x0000000020000010        0x4 ./Core/Src/hm10_ble_driver.o
 .data.HM10_Set_Mode_resp_without_module_work_mode_value
                0x0000000020000014        0x4 ./Core/Src/hm10_ble_driver.o
 .data.HM10_Reset_resp
                0x0000000020000018        0x8 ./Core/Src/hm10_ble_driver.o
 .data.HM10_Renew_resp
                0x0000000020000020        0x8 ./Core/Src/hm10_ble_driver.o
 .data.HM10_OK_LOST_resp
                0x0000000020000028        0x7 ./Core/Src/hm10_ble_driver.o
 *fill*         0x000000002000002f        0x1 
 .data.SystemCoreClock
                0x0000000020000030        0x4 ./Core/Src/system_stm32f1xx.o
                0x0000000020000030                SystemCoreClock
 .data.uwTickPrio
                0x0000000020000034        0x4 ./Drivers/STM32F1xx_HAL_Driver/Src/stm32f1xx_hal.o
                0x0000000020000034                uwTickPrio
 .data.uwTickFreq
                0x0000000020000038        0x1 ./Drivers/STM32F1xx_HAL_Driver/Src/stm32f1xx_hal.o
                0x0000000020000038                uwTickFreq
 *fill*         0x0000000020000039        0x3 
 .data.__sglue  0x000000002000003c        0xc C:/ST/STM32CubeIDE_1.13.1/STM32CubeIDE/plugins/com.st.stm32cube.ide.mcu.externaltools.gnu-tools-for-stm32.11.3.rel1.win32_1.1.0.202305231506/tools/bin/../lib/gcc/arm-none-eabi/11.3.1/../../../../arm-none-eabi/lib/thumb/v7-m/nofp\libc_nano.a(libc_a-findfp.o)
                0x000000002000003c                __sglue
 .data._impure_data
                0x0000000020000048       0x4c C:/ST/STM32CubeIDE_1.13.1/STM32CubeIDE/plugins/com.st.stm32cube.ide.mcu.externaltools.gnu-tools-for-stm32.11.3.rel1.win32_1.1.0.202305231506/tools/bin/../lib/gcc/arm-none-eabi/11.3.1/../../../../arm-none-eabi/lib/thumb/v7-m/nofp\libc_nano.a(libc_a-impure.o)
                0x0000000020000048                _impure_data
 .data._impure_ptr
                0x0000000020000094        0x4 C:/ST/STM32CubeIDE_1.13.1/STM32CubeIDE/plugins/com.st.stm32cube.ide.mcu.externaltools.gnu-tools-for-stm32.11.3.rel1.win32_1.1.0.202305231506/tools/bin/../lib/gcc/arm-none-eabi/11.3.1/../../../../arm-none-eabi/lib/thumb/v7-m/nofp\libc_nano.a(libc_a-impure.o)
                0x0000000020000094                _impure_ptr
 *(.RamFunc)
 *(.RamFunc*)
                0x0000000020000098                . = ALIGN (0x4)
                0x0000000020000098                _edata = .

.igot.plt       0x0000000020000098        0x0 load address 0x000000000800dccc
 .igot.plt      0x0000000020000098        0x0 C:/ST/STM32CubeIDE_1.13.1/STM32CubeIDE/plugins/com.st.stm32cube.ide.mcu.externaltools.gnu-tools-for-stm32.11.3.rel1.win32_1.1.0.202305231506/tools/bin/../lib/gcc/arm-none-eabi/11.3.1/thumb/v7-m/nofp/crtbegin.o
                0x0000000020000098                . = ALIGN (0x4)

.bss            0x0000000020000098      0xecc load address 0x000000000800dccc
                0x0000000020000098                _sbss = .
                0x0000000020000098                __bss_start__ = _sbss
 *(.bss)
 .bss           0x0000000020000098       0x1c C:/ST/STM32CubeIDE_1.13.1/STM32CubeIDE/plugins/com.st.stm32cube.ide.mcu.externaltools.gnu-tools-for-stm32.11.3.rel1.win32_1.1.0.202305231506/tools/bin/../lib/gcc/arm-none-eabi/11.3.1/thumb/v7-m/nofp/crtbegin.o
 *(.bss*)
 .bss.Rx_Buffer
                0x00000000200000b4      0x409 ./Core/Src/app_side_etx_ota.o
 .bss.etx_ota_state
                0x00000000200004bd        0x1 ./Core/Src/app_side_etx_ota.o
 *fill*         0x00000000200004be        0x2 
 .bss.etx_ota_fw_received_size
                0x00000000200004c0        0x4 ./Core/Src/app_side_etx_ota.o
 .bss.is_etx_ota_enabled
                0x00000000200004c4        0x1 ./Core/Src/app_side_etx_ota.o
 *fill*         0x00000000200004c5        0x3 
 .bss.p_fw_config
                0x00000000200004c8        0x4 ./Core/Src/app_side_etx_ota.o
 .bss.p_custom_data
                0x00000000200004cc        0x4 ./Core/Src/app_side_etx_ota.o
 .bss.p_huart   0x00000000200004d0        0x4 ./Core/Src/app_side_etx_ota.o
 .bss.ETX_OTA_hardware_protocol
                0x00000000200004d4        0x1 ./Core/Src/app_side_etx_ota.o
 *fill*         0x00000000200004d5        0x3 
 .bss.p_GPIO_is_hm10_default_settings
                0x00000000200004d8        0x4 ./Core/Src/app_side_etx_ota.o
 .bss.p_most_recent_val
                0x00000000200004dc        0x4 ./Core/Src/firmware_update_config.o
 .bss.p_huart   0x00000000200004e0        0x4 ./Core/Src/hm10_ble_driver.o
 .bss.TxRx_Buffer
                0x00000000200004e4       0x13 ./Core/Src/hm10_ble_driver.o
 *fill*         0x00000000200004f7        0x1 
 .bss.huart1    0x00000000200004f8       0x48 ./Core/Src/main.o
                0x00000000200004f8                huart1
 .bss.huart2    0x0000000020000540       0x48 ./Core/Src/main.o
                0x0000000020000540                huart2
 .bss.huart3    0x0000000020000588       0x48 ./Core/Src/main.o
                0x0000000020000588                huart3
 .bss.fw_config
                0x00000000200005d0       0x18 ./Core/Src/main.o
                0x00000000200005d0                fw_config
 .bss.etx_ota_custom_data
                0x00000000200005e8      0x808 ./Core/Src/main.o
                0x00000000200005e8                etx_ota_custom_data
 .bss.__sbrk_heap_end
                0x0000000020000df0        0x4 ./Core/Src/sysmem.o
 .bss.uwTick    0x0000000020000df4        0x4 ./Drivers/STM32F1xx_HAL_Driver/Src/stm32f1xx_hal.o
                0x0000000020000df4                uwTick
 .bss.pFlash    0x0000000020000df8       0x20 ./Drivers/STM32F1xx_HAL_Driver/Src/stm32f1xx_hal_flash.o
                0x0000000020000df8                pFlash
 .bss.__sf      0x0000000020000e18      0x138 C:/ST/STM32CubeIDE_1.13.1/STM32CubeIDE/plugins/com.st.stm32cube.ide.mcu.externaltools.gnu-tools-for-stm32.11.3.rel1.win32_1.1.0.202305231506/tools/bin/../lib/gcc/arm-none-eabi/11.3.1/../../../../arm-none-eabi/lib/thumb/v7-m/nofp\libc_nano.a(libc_a-findfp.o)
                0x0000000020000e18                __sf
 .bss.__stdio_exit_handler
                0x0000000020000f50        0x4 C:/ST/STM32CubeIDE_1.13.1/STM32CubeIDE/plugins/com.st.stm32cube.ide.mcu.externaltools.gnu-tools-for-stm32.11.3.rel1.win32_1.1.0.202305231506/tools/bin/../lib/gcc/arm-none-eabi/11.3.1/../../../../arm-none-eabi/lib/thumb/v7-m/nofp\libc_nano.a(libc_a-findfp.o)
                0x0000000020000f50                __stdio_exit_handler
 .bss.errno     0x0000000020000f54        0x4 C:/ST/STM32CubeIDE_1.13.1/STM32CubeIDE/plugins/com.st.stm32cube.ide.mcu.externaltools.gnu-tools-for-stm32.11.3.rel1.win32_1.1.0.202305231506/tools/bin/../lib/gcc/arm-none-eabi/11.3.1/../../../../arm-none-eabi/lib/thumb/v7-m/nofp\libc_nano.a(libc_a-reent.o)
                0x0000000020000f54                errno
 .bss.__lock___malloc_recursive_mutex
                0x0000000020000f58        0x1 C:/ST/STM32CubeIDE_1.13.1/STM32CubeIDE/plugins/com.st.stm32cube.ide.mcu.externaltools.gnu-tools-for-stm32.11.3.rel1.win32_1.1.0.202305231506/tools/bin/../lib/gcc/arm-none-eabi/11.3.1/../../../../arm-none-eabi/lib/thumb/v7-m/nofp\libc_nano.a(libc_a-lock.o)
                0x0000000020000f58                __lock___malloc_recursive_mutex
 .bss.__lock___sfp_recursive_mutex
                0x0000000020000f59        0x1 C:/ST/STM32CubeIDE_1.13.1/STM32CubeIDE/plugins/com.st.stm32cube.ide.mcu.externaltools.gnu-tools-for-stm32.11.3.rel1.win32_1.1.0.202305231506/tools/bin/../lib/gcc/arm-none-eabi/11.3.1/../../../../arm-none-eabi/lib/thumb/v7-m/nofp\libc_nano.a(libc_a-lock.o)
                0x0000000020000f59                __lock___sfp_recursive_mutex
 *fill*         0x0000000020000f5a        0x2 
 .bss.__malloc_free_list
                0x0000000020000f5c        0x4 C:/ST/STM32CubeIDE_1.13.1/STM32CubeIDE/plugins/com.st.stm32cube.ide.mcu.externaltools.gnu-tools-for-stm32.11.3.rel1.win32_1.1.0.202305231506/tools/bin/../lib/gcc/arm-none-eabi/11.3.1/../../../../arm-none-eabi/lib/thumb/v7-m/nofp\libc_nano.a(libc_a-mallocr.o)
                0x0000000020000f5c                __malloc_free_list
 .bss.__malloc_sbrk_start
                0x0000000020000f60        0x4 C:/ST/STM32CubeIDE_1.13.1/STM32CubeIDE/plugins/com.st.stm32cube.ide.mcu.externaltools.gnu-tools-for-stm32.11.3.rel1.win32_1.1.0.202305231506/tools/bin/../lib/gcc/arm-none-eabi/11.3.1/../../../../arm-none-eabi/lib/thumb/v7-m/nofp\libc_nano.a(libc_a-mallocr.o)
                0x0000000020000f60                __malloc_sbrk_start
 *(COMMON)
                0x0000000020000f64                . = ALIGN (0x4)
                0x0000000020000f64                _ebss = .
                0x0000000020000f64                __bss_end__ = _ebss

._user_heap_stack
                0x0000000020000f64      0x604 load address 0x000000000800dccc
                0x0000000020000f68                . = ALIGN (0x8)
 *fill*         0x0000000020000f64        0x4 
                [!provide]                        PROVIDE (end = .)
                0x0000000020000f68                PROVIDE (_end = .)
                0x0000000020001168                . = (. + _Min_Heap_Size)
 *fill*         0x0000000020000f68      0x200 
                0x0000000020001568                . = (. + _Min_Stack_Size)
 *fill*         0x0000000020001168      0x400 
                0x0000000020001568                . = ALIGN (0x8)

/DISCARD/
 libc.a(*)
 libm.a(*)
 libgcc.a(*)

.ARM.attributes
                0x0000000000000000       0x29
 *(.ARM.attributes)
 .ARM.attributes
                0x0000000000000000       0x1d C:/ST/STM32CubeIDE_1.13.1/STM32CubeIDE/plugins/com.st.stm32cube.ide.mcu.externaltools.gnu-tools-for-stm32.11.3.rel1.win32_1.1.0.202305231506/tools/bin/../lib/gcc/arm-none-eabi/11.3.1/thumb/v7-m/nofp/crti.o
 .ARM.attributes
                0x000000000000001d       0x2d C:/ST/STM32CubeIDE_1.13.1/STM32CubeIDE/plugins/com.st.stm32cube.ide.mcu.externaltools.gnu-tools-for-stm32.11.3.rel1.win32_1.1.0.202305231506/tools/bin/../lib/gcc/arm-none-eabi/11.3.1/thumb/v7-m/nofp/crtbegin.o
 .ARM.attributes
                0x000000000000004a       0x2d ./Core/Src/app_side_etx_ota.o
 .ARM.attributes
                0x0000000000000077       0x2d ./Core/Src/crc32_mpeg2.o
 .ARM.attributes
                0x00000000000000a4       0x2d ./Core/Src/firmware_update_config.o
 .ARM.attributes
                0x00000000000000d1       0x2d ./Core/Src/hm10_ble_driver.o
 .ARM.attributes
                0x00000000000000fe       0x2d ./Core/Src/main.o
 .ARM.attributes
                0x000000000000012b       0x2d ./Core/Src/stm32f1xx_hal_msp.o
 .ARM.attributes
                0x0000000000000158       0x2d ./Core/Src/stm32f1xx_it.o
 .ARM.attributes
                0x0000000000000185       0x2d ./Core/Src/syscalls.o
 .ARM.attributes
                0x00000000000001b2       0x2d ./Core/Src/sysmem.o
 .ARM.attributes
                0x00000000000001df       0x2d ./Core/Src/system_stm32f1xx.o
 .ARM.attributes
                0x000000000000020c       0x21 ./Core/Startup/startup_stm32f103c8tx.o
 .ARM.attributes
                0x000000000000022d       0x2d ./Drivers/STM32F1xx_HAL_Driver/Src/stm32f1xx_hal.o
 .ARM.attributes
                0x000000000000025a       0x2d ./Drivers/STM32F1xx_HAL_Driver/Src/stm32f1xx_hal_cortex.o
 .ARM.attributes
                0x0000000000000287       0x2d ./Drivers/STM32F1xx_HAL_Driver/Src/stm32f1xx_hal_dma.o
 .ARM.attributes
                0x00000000000002b4       0x2d ./Drivers/STM32F1xx_HAL_Driver/Src/stm32f1xx_hal_flash.o
 .ARM.attributes
                0x00000000000002e1       0x2d ./Drivers/STM32F1xx_HAL_Driver/Src/stm32f1xx_hal_flash_ex.o
 .ARM.attributes
                0x000000000000030e       0x2d ./Drivers/STM32F1xx_HAL_Driver/Src/stm32f1xx_hal_gpio.o
 .ARM.attributes
                0x000000000000033b       0x2d ./Drivers/STM32F1xx_HAL_Driver/Src/stm32f1xx_hal_rcc.o
 .ARM.attributes
                0x0000000000000368       0x2d ./Drivers/STM32F1xx_HAL_Driver/Src/stm32f1xx_hal_uart.o
 .ARM.attributes
                0x0000000000000395       0x2d C:/ST/STM32CubeIDE_1.13.1/STM32CubeIDE/plugins/com.st.stm32cube.ide.mcu.externaltools.gnu-tools-for-stm32.11.3.rel1.win32_1.1.0.202305231506/tools/bin/../lib/gcc/arm-none-eabi/11.3.1/../../../../arm-none-eabi/lib/thumb/v7-m/nofp\libc_nano.a(libc_a-findfp.o)
 .ARM.attributes
                0x00000000000003c2       0x2d C:/ST/STM32CubeIDE_1.13.1/STM32CubeIDE/plugins/com.st.stm32cube.ide.mcu.externaltools.gnu-tools-for-stm32.11.3.rel1.win32_1.1.0.202305231506/tools/bin/../lib/gcc/arm-none-eabi/11.3.1/../../../../arm-none-eabi/lib/thumb/v7-m/nofp\libc_nano.a(libc_a-fwalk.o)
 .ARM.attributes
                0x00000000000003ef       0x2d C:/ST/STM32CubeIDE_1.13.1/STM32CubeIDE/plugins/com.st.stm32cube.ide.mcu.externaltools.gnu-tools-for-stm32.11.3.rel1.win32_1.1.0.202305231506/tools/bin/../lib/gcc/arm-none-eabi/11.3.1/../../../../arm-none-eabi/lib/thumb/v7-m/nofp\libc_nano.a(libc_a-printf.o)
 .ARM.attributes
                0x000000000000041c       0x2d C:/ST/STM32CubeIDE_1.13.1/STM32CubeIDE/plugins/com.st.stm32cube.ide.mcu.externaltools.gnu-tools-for-stm32.11.3.rel1.win32_1.1.0.202305231506/tools/bin/../lib/gcc/arm-none-eabi/11.3.1/../../../../arm-none-eabi/lib/thumb/v7-m/nofp\libc_nano.a(libc_a-puts.o)
 .ARM.attributes
                0x0000000000000449       0x2d C:/ST/STM32CubeIDE_1.13.1/STM32CubeIDE/plugins/com.st.stm32cube.ide.mcu.externaltools.gnu-tools-for-stm32.11.3.rel1.win32_1.1.0.202305231506/tools/bin/../lib/gcc/arm-none-eabi/11.3.1/../../../../arm-none-eabi/lib/thumb/v7-m/nofp\libc_nano.a(libc_a-stdio.o)
 .ARM.attributes
                0x0000000000000476       0x2d C:/ST/STM32CubeIDE_1.13.1/STM32CubeIDE/plugins/com.st.stm32cube.ide.mcu.externaltools.gnu-tools-for-stm32.11.3.rel1.win32_1.1.0.202305231506/tools/bin/../lib/gcc/arm-none-eabi/11.3.1/../../../../arm-none-eabi/lib/thumb/v7-m/nofp\libc_nano.a(libc_a-wbuf.o)
 .ARM.attributes
                0x00000000000004a3       0x2d C:/ST/STM32CubeIDE_1.13.1/STM32CubeIDE/plugins/com.st.stm32cube.ide.mcu.externaltools.gnu-tools-for-stm32.11.3.rel1.win32_1.1.0.202305231506/tools/bin/../lib/gcc/arm-none-eabi/11.3.1/../../../../arm-none-eabi/lib/thumb/v7-m/nofp\libc_nano.a(libc_a-wsetup.o)
 .ARM.attributes
                0x00000000000004d0       0x2d C:/ST/STM32CubeIDE_1.13.1/STM32CubeIDE/plugins/com.st.stm32cube.ide.mcu.externaltools.gnu-tools-for-stm32.11.3.rel1.win32_1.1.0.202305231506/tools/bin/../lib/gcc/arm-none-eabi/11.3.1/../../../../arm-none-eabi/lib/thumb/v7-m/nofp\libc_nano.a(libc_a-memset.o)
 .ARM.attributes
                0x00000000000004fd       0x2d C:/ST/STM32CubeIDE_1.13.1/STM32CubeIDE/plugins/com.st.stm32cube.ide.mcu.externaltools.gnu-tools-for-stm32.11.3.rel1.win32_1.1.0.202305231506/tools/bin/../lib/gcc/arm-none-eabi/11.3.1/../../../../arm-none-eabi/lib/thumb/v7-m/nofp\libc_nano.a(libc_a-closer.o)
 .ARM.attributes
                0x000000000000052a       0x2d C:/ST/STM32CubeIDE_1.13.1/STM32CubeIDE/plugins/com.st.stm32cube.ide.mcu.externaltools.gnu-tools-for-stm32.11.3.rel1.win32_1.1.0.202305231506/tools/bin/../lib/gcc/arm-none-eabi/11.3.1/../../../../arm-none-eabi/lib/thumb/v7-m/nofp\libc_nano.a(libc_a-reent.o)
 .ARM.attributes
                0x0000000000000557       0x2d C:/ST/STM32CubeIDE_1.13.1/STM32CubeIDE/plugins/com.st.stm32cube.ide.mcu.externaltools.gnu-tools-for-stm32.11.3.rel1.win32_1.1.0.202305231506/tools/bin/../lib/gcc/arm-none-eabi/11.3.1/../../../../arm-none-eabi/lib/thumb/v7-m/nofp\libc_nano.a(libc_a-impure.o)
 .ARM.attributes
                0x0000000000000584       0x2d C:/ST/STM32CubeIDE_1.13.1/STM32CubeIDE/plugins/com.st.stm32cube.ide.mcu.externaltools.gnu-tools-for-stm32.11.3.rel1.win32_1.1.0.202305231506/tools/bin/../lib/gcc/arm-none-eabi/11.3.1/../../../../arm-none-eabi/lib/thumb/v7-m/nofp\libc_nano.a(libc_a-lseekr.o)
 .ARM.attributes
                0x00000000000005b1       0x2d C:/ST/STM32CubeIDE_1.13.1/STM32CubeIDE/plugins/com.st.stm32cube.ide.mcu.externaltools.gnu-tools-for-stm32.11.3.rel1.win32_1.1.0.202305231506/tools/bin/../lib/gcc/arm-none-eabi/11.3.1/../../../../arm-none-eabi/lib/thumb/v7-m/nofp\libc_nano.a(libc_a-readr.o)
 .ARM.attributes
                0x00000000000005de       0x2d C:/ST/STM32CubeIDE_1.13.1/STM32CubeIDE/plugins/com.st.stm32cube.ide.mcu.externaltools.gnu-tools-for-stm32.11.3.rel1.win32_1.1.0.202305231506/tools/bin/../lib/gcc/arm-none-eabi/11.3.1/../../../../arm-none-eabi/lib/thumb/v7-m/nofp\libc_nano.a(libc_a-writer.o)
 .ARM.attributes
                0x000000000000060b       0x2d C:/ST/STM32CubeIDE_1.13.1/STM32CubeIDE/plugins/com.st.stm32cube.ide.mcu.externaltools.gnu-tools-for-stm32.11.3.rel1.win32_1.1.0.202305231506/tools/bin/../lib/gcc/arm-none-eabi/11.3.1/../../../../arm-none-eabi/lib/thumb/v7-m/nofp\libc_nano.a(libc_a-errno.o)
 .ARM.attributes
                0x0000000000000638       0x2d C:/ST/STM32CubeIDE_1.13.1/STM32CubeIDE/plugins/com.st.stm32cube.ide.mcu.externaltools.gnu-tools-for-stm32.11.3.rel1.win32_1.1.0.202305231506/tools/bin/../lib/gcc/arm-none-eabi/11.3.1/../../../../arm-none-eabi/lib/thumb/v7-m/nofp\libc_nano.a(libc_a-init.o)
 .ARM.attributes
                0x0000000000000665       0x2d C:/ST/STM32CubeIDE_1.13.1/STM32CubeIDE/plugins/com.st.stm32cube.ide.mcu.externaltools.gnu-tools-for-stm32.11.3.rel1.win32_1.1.0.202305231506/tools/bin/../lib/gcc/arm-none-eabi/11.3.1/../../../../arm-none-eabi/lib/thumb/v7-m/nofp\libc_nano.a(libc_a-lock.o)
 .ARM.attributes
                0x0000000000000692       0x2d C:/ST/STM32CubeIDE_1.13.1/STM32CubeIDE/plugins/com.st.stm32cube.ide.mcu.externaltools.gnu-tools-for-stm32.11.3.rel1.win32_1.1.0.202305231506/tools/bin/../lib/gcc/arm-none-eabi/11.3.1/../../../../arm-none-eabi/lib/thumb/v7-m/nofp\libc_nano.a(libc_a-memcpy-stub.o)
 .ARM.attributes
                0x00000000000006bf       0x2d C:/ST/STM32CubeIDE_1.13.1/STM32CubeIDE/plugins/com.st.stm32cube.ide.mcu.externaltools.gnu-tools-for-stm32.11.3.rel1.win32_1.1.0.202305231506/tools/bin/../lib/gcc/arm-none-eabi/11.3.1/../../../../arm-none-eabi/lib/thumb/v7-m/nofp\libc_nano.a(libc_a-freer.o)
 .ARM.attributes
                0x00000000000006ec       0x2d C:/ST/STM32CubeIDE_1.13.1/STM32CubeIDE/plugins/com.st.stm32cube.ide.mcu.externaltools.gnu-tools-for-stm32.11.3.rel1.win32_1.1.0.202305231506/tools/bin/../lib/gcc/arm-none-eabi/11.3.1/../../../../arm-none-eabi/lib/thumb/v7-m/nofp\libc_nano.a(libc_a-mallocr.o)
 .ARM.attributes
                0x0000000000000719       0x2d C:/ST/STM32CubeIDE_1.13.1/STM32CubeIDE/plugins/com.st.stm32cube.ide.mcu.externaltools.gnu-tools-for-stm32.11.3.rel1.win32_1.1.0.202305231506/tools/bin/../lib/gcc/arm-none-eabi/11.3.1/../../../../arm-none-eabi/lib/thumb/v7-m/nofp\libc_nano.a(libc_a-mlock.o)
 .ARM.attributes
                0x0000000000000746       0x2d C:/ST/STM32CubeIDE_1.13.1/STM32CubeIDE/plugins/com.st.stm32cube.ide.mcu.externaltools.gnu-tools-for-stm32.11.3.rel1.win32_1.1.0.202305231506/tools/bin/../lib/gcc/arm-none-eabi/11.3.1/../../../../arm-none-eabi/lib/thumb/v7-m/nofp\libc_nano.a(libc_a-nano-vfprintf.o)
 .ARM.attributes
                0x0000000000000773       0x2d C:/ST/STM32CubeIDE_1.13.1/STM32CubeIDE/plugins/com.st.stm32cube.ide.mcu.externaltools.gnu-tools-for-stm32.11.3.rel1.win32_1.1.0.202305231506/tools/bin/../lib/gcc/arm-none-eabi/11.3.1/../../../../arm-none-eabi/lib/thumb/v7-m/nofp\libc_nano.a(libc_a-nano-vfprintf_i.o)
 .ARM.attributes
                0x00000000000007a0       0x2d C:/ST/STM32CubeIDE_1.13.1/STM32CubeIDE/plugins/com.st.stm32cube.ide.mcu.externaltools.gnu-tools-for-stm32.11.3.rel1.win32_1.1.0.202305231506/tools/bin/../lib/gcc/arm-none-eabi/11.3.1/../../../../arm-none-eabi/lib/thumb/v7-m/nofp\libc_nano.a(libc_a-fflush.o)
 .ARM.attributes
                0x00000000000007cd       0x2d C:/ST/STM32CubeIDE_1.13.1/STM32CubeIDE/plugins/com.st.stm32cube.ide.mcu.externaltools.gnu-tools-for-stm32.11.3.rel1.win32_1.1.0.202305231506/tools/bin/../lib/gcc/arm-none-eabi/11.3.1/../../../../arm-none-eabi/lib/thumb/v7-m/nofp\libc_nano.a(libc_a-makebuf.o)
 .ARM.attributes
                0x00000000000007fa       0x2d C:/ST/STM32CubeIDE_1.13.1/STM32CubeIDE/plugins/com.st.stm32cube.ide.mcu.externaltools.gnu-tools-for-stm32.11.3.rel1.win32_1.1.0.202305231506/tools/bin/../lib/gcc/arm-none-eabi/11.3.1/../../../../arm-none-eabi/lib/thumb/v7-m/nofp\libc_nano.a(libc_a-fstatr.o)
 .ARM.attributes
                0x0000000000000827       0x2d C:/ST/STM32CubeIDE_1.13.1/STM32CubeIDE/plugins/com.st.stm32cube.ide.mcu.externaltools.gnu-tools-for-stm32.11.3.rel1.win32_1.1.0.202305231506/tools/bin/../lib/gcc/arm-none-eabi/11.3.1/../../../../arm-none-eabi/lib/thumb/v7-m/nofp\libc_nano.a(libc_a-isattyr.o)
 .ARM.attributes
                0x0000000000000854       0x2d C:/ST/STM32CubeIDE_1.13.1/STM32CubeIDE/plugins/com.st.stm32cube.ide.mcu.externaltools.gnu-tools-for-stm32.11.3.rel1.win32_1.1.0.202305231506/tools/bin/../lib/gcc/arm-none-eabi/11.3.1/../../../../arm-none-eabi/lib/thumb/v7-m/nofp\libc_nano.a(libc_a-sbrkr.o)
 .ARM.attributes
                0x0000000000000881       0x2d C:/ST/STM32CubeIDE_1.13.1/STM32CubeIDE/plugins/com.st.stm32cube.ide.mcu.externaltools.gnu-tools-for-stm32.11.3.rel1.win32_1.1.0.202305231506/tools/bin/../lib/gcc/arm-none-eabi/11.3.1/../../../../arm-none-eabi/lib/thumb/v7-m/nofp\libc_nano.a(libc_a-memchr-stub.o)
 .ARM.attributes
                0x00000000000008ae       0x1d C:/ST/STM32CubeIDE_1.13.1/STM32CubeIDE/plugins/com.st.stm32cube.ide.mcu.externaltools.gnu-tools-for-stm32.11.3.rel1.win32_1.1.0.202305231506/tools/bin/../lib/gcc/arm-none-eabi/11.3.1/thumb/v7-m/nofp/crtn.o
OUTPUT(Application_Firmware.elf elf32-littlearm)
LOAD linker stubs
LOAD C:/ST/STM32CubeIDE_1.13.1/STM32CubeIDE/plugins/com.st.stm32cube.ide.mcu.externaltools.gnu-tools-for-stm32.11.3.rel1.win32_1.1.0.202305231506/tools/bin/../lib/gcc/arm-none-eabi/11.3.1/../../../../arm-none-eabi/lib/thumb/v7-m/nofp\libc.a
LOAD C:/ST/STM32CubeIDE_1.13.1/STM32CubeIDE/plugins/com.st.stm32cube.ide.mcu.externaltools.gnu-tools-for-stm32.11.3.rel1.win32_1.1.0.202305231506/tools/bin/../lib/gcc/arm-none-eabi/11.3.1/../../../../arm-none-eabi/lib/thumb/v7-m/nofp\libm.a
LOAD C:/ST/STM32CubeIDE_1.13.1/STM32CubeIDE/plugins/com.st.stm32cube.ide.mcu.externaltools.gnu-tools-for-stm32.11.3.rel1.win32_1.1.0.202305231506/tools/bin/../lib/gcc/arm-none-eabi/11.3.1/thumb/v7-m/nofp\libgcc.a

.comment        0x0000000000000000       0x43
 .comment       0x0000000000000000       0x43 C:/ST/STM32CubeIDE_1.13.1/STM32CubeIDE/plugins/com.st.stm32cube.ide.mcu.externaltools.gnu-tools-for-stm32.11.3.rel1.win32_1.1.0.202305231506/tools/bin/../lib/gcc/arm-none-eabi/11.3.1/thumb/v7-m/nofp/crtbegin.o
                                         0x44 (size before relaxing)
 .comment       0x0000000000000043       0x44 ./Core/Src/app_side_etx_ota.o
 .comment       0x0000000000000043       0x44 ./Core/Src/crc32_mpeg2.o
 .comment       0x0000000000000043       0x44 ./Core/Src/firmware_update_config.o
 .comment       0x0000000000000043       0x44 ./Core/Src/hm10_ble_driver.o
 .comment       0x0000000000000043       0x44 ./Core/Src/main.o
 .comment       0x0000000000000043       0x44 ./Core/Src/stm32f1xx_hal_msp.o
 .comment       0x0000000000000043       0x44 ./Core/Src/stm32f1xx_it.o
 .comment       0x0000000000000043       0x44 ./Core/Src/syscalls.o
 .comment       0x0000000000000043       0x44 ./Core/Src/sysmem.o
 .comment       0x0000000000000043       0x44 ./Core/Src/system_stm32f1xx.o
 .comment       0x0000000000000043       0x44 ./Drivers/STM32F1xx_HAL_Driver/Src/stm32f1xx_hal.o
 .comment       0x0000000000000043       0x44 ./Drivers/STM32F1xx_HAL_Driver/Src/stm32f1xx_hal_cortex.o
 .comment       0x0000000000000043       0x44 ./Drivers/STM32F1xx_HAL_Driver/Src/stm32f1xx_hal_dma.o
 .comment       0x0000000000000043       0x44 ./Drivers/STM32F1xx_HAL_Driver/Src/stm32f1xx_hal_flash.o
 .comment       0x0000000000000043       0x44 ./Drivers/STM32F1xx_HAL_Driver/Src/stm32f1xx_hal_flash_ex.o
 .comment       0x0000000000000043       0x44 ./Drivers/STM32F1xx_HAL_Driver/Src/stm32f1xx_hal_gpio.o
 .comment       0x0000000000000043       0x44 ./Drivers/STM32F1xx_HAL_Driver/Src/stm32f1xx_hal_rcc.o
 .comment       0x0000000000000043       0x44 ./Drivers/STM32F1xx_HAL_Driver/Src/stm32f1xx_hal_uart.o

.debug_info     0x0000000000000000     0xb44a
 .debug_info    0x0000000000000000     0x10d0 ./Core/Src/app_side_etx_ota.o
 .debug_info    0x00000000000010d0      0x143 ./Core/Src/crc32_mpeg2.o
 .debug_info    0x0000000000001213      0x54b ./Core/Src/firmware_update_config.o
 .debug_info    0x000000000000175e     0x114d ./Core/Src/hm10_ble_driver.o
 .debug_info    0x00000000000028ab      0xe21 ./Core/Src/main.o
 .debug_info    0x00000000000036cc      0x965 ./Core/Src/stm32f1xx_hal_msp.o
 .debug_info    0x0000000000004031      0x603 ./Core/Src/stm32f1xx_it.o
 .debug_info    0x0000000000004634      0x6a3 ./Core/Src/syscalls.o
 .debug_info    0x0000000000004cd7      0x168 ./Core/Src/sysmem.o
 .debug_info    0x0000000000004e3f      0x3f4 ./Core/Src/system_stm32f1xx.o
 .debug_info    0x0000000000005233       0x23 ./Core/Startup/startup_stm32f103c8tx.o
 .debug_info    0x0000000000005256      0x704 ./Drivers/STM32F1xx_HAL_Driver/Src/stm32f1xx_hal.o
 .debug_info    0x000000000000595a      0xa87 ./Drivers/STM32F1xx_HAL_Driver/Src/stm32f1xx_hal_cortex.o
 .debug_info    0x00000000000063e1      0x6d2 ./Drivers/STM32F1xx_HAL_Driver/Src/stm32f1xx_hal_dma.o
 .debug_info    0x0000000000006ab3      0x4f8 ./Drivers/STM32F1xx_HAL_Driver/Src/stm32f1xx_hal_flash.o
 .debug_info    0x0000000000006fab      0x777 ./Drivers/STM32F1xx_HAL_Driver/Src/stm32f1xx_hal_flash_ex.o
 .debug_info    0x0000000000007722      0x5ab ./Drivers/STM32F1xx_HAL_Driver/Src/stm32f1xx_hal_gpio.o
 .debug_info    0x0000000000007ccd      0x7d5 ./Drivers/STM32F1xx_HAL_Driver/Src/stm32f1xx_hal_rcc.o
 .debug_info    0x00000000000084a2     0x2fa8 ./Drivers/STM32F1xx_HAL_Driver/Src/stm32f1xx_hal_uart.o

.debug_abbrev   0x0000000000000000     0x25f7
 .debug_abbrev  0x0000000000000000      0x309 ./Core/Src/app_side_etx_ota.o
 .debug_abbrev  0x0000000000000309       0xba ./Core/Src/crc32_mpeg2.o
 .debug_abbrev  0x00000000000003c3      0x207 ./Core/Src/firmware_update_config.o
 .debug_abbrev  0x00000000000005ca      0x2ab ./Core/Src/hm10_ble_driver.o
 .debug_abbrev  0x0000000000000875      0x380 ./Core/Src/main.o
 .debug_abbrev  0x0000000000000bf5      0x1b9 ./Core/Src/stm32f1xx_hal_msp.o
 .debug_abbrev  0x0000000000000dae      0x178 ./Core/Src/stm32f1xx_it.o
 .debug_abbrev  0x0000000000000f26      0x1b6 ./Core/Src/syscalls.o
 .debug_abbrev  0x00000000000010dc       0xbc ./Core/Src/sysmem.o
 .debug_abbrev  0x0000000000001198      0x13d ./Core/Src/system_stm32f1xx.o
 .debug_abbrev  0x00000000000012d5       0x12 ./Core/Startup/startup_stm32f103c8tx.o
 .debug_abbrev  0x00000000000012e7      0x201 ./Drivers/STM32F1xx_HAL_Driver/Src/stm32f1xx_hal.o
 .debug_abbrev  0x00000000000014e8      0x2f8 ./Drivers/STM32F1xx_HAL_Driver/Src/stm32f1xx_hal_cortex.o
 .debug_abbrev  0x00000000000017e0      0x20b ./Drivers/STM32F1xx_HAL_Driver/Src/stm32f1xx_hal_dma.o
 .debug_abbrev  0x00000000000019eb      0x250 ./Drivers/STM32F1xx_HAL_Driver/Src/stm32f1xx_hal_flash.o
 .debug_abbrev  0x0000000000001c3b      0x247 ./Drivers/STM32F1xx_HAL_Driver/Src/stm32f1xx_hal_flash_ex.o
 .debug_abbrev  0x0000000000001e82      0x1ca ./Drivers/STM32F1xx_HAL_Driver/Src/stm32f1xx_hal_gpio.o
 .debug_abbrev  0x000000000000204c      0x2b3 ./Drivers/STM32F1xx_HAL_Driver/Src/stm32f1xx_hal_rcc.o
 .debug_abbrev  0x00000000000022ff      0x2f8 ./Drivers/STM32F1xx_HAL_Driver/Src/stm32f1xx_hal_uart.o

.debug_aranges  0x0000000000000000      0xa68
 .debug_aranges
                0x0000000000000000       0x78 ./Core/Src/app_side_etx_ota.o
 .debug_aranges
                0x0000000000000078       0x20 ./Core/Src/crc32_mpeg2.o
 .debug_aranges
                0x0000000000000098       0x50 ./Core/Src/firmware_update_config.o
 .debug_aranges
                0x00000000000000e8       0xd8 ./Core/Src/hm10_ble_driver.o
 .debug_aranges
                0x00000000000001c0       0x80 ./Core/Src/main.o
 .debug_aranges
                0x0000000000000240       0x30 ./Core/Src/stm32f1xx_hal_msp.o
 .debug_aranges
                0x0000000000000270       0x70 ./Core/Src/stm32f1xx_it.o
 .debug_aranges
                0x00000000000002e0       0xa8 ./Core/Src/syscalls.o
 .debug_aranges
                0x0000000000000388       0x20 ./Core/Src/sysmem.o
 .debug_aranges
                0x00000000000003a8       0x28 ./Core/Src/system_stm32f1xx.o
 .debug_aranges
                0x00000000000003d0       0x28 ./Core/Startup/startup_stm32f103c8tx.o
 .debug_aranges
                0x00000000000003f8       0xe0 ./Drivers/STM32F1xx_HAL_Driver/Src/stm32f1xx_hal.o
 .debug_aranges
                0x00000000000004d8      0x100 ./Drivers/STM32F1xx_HAL_Driver/Src/stm32f1xx_hal_cortex.o
 .debug_aranges
                0x00000000000005d8       0x80 ./Drivers/STM32F1xx_HAL_Driver/Src/stm32f1xx_hal_dma.o
 .debug_aranges
                0x0000000000000658       0x88 ./Drivers/STM32F1xx_HAL_Driver/Src/stm32f1xx_hal_flash.o
 .debug_aranges
                0x00000000000006e0       0x98 ./Drivers/STM32F1xx_HAL_Driver/Src/stm32f1xx_hal_flash_ex.o
 .debug_aranges
                0x0000000000000778       0x58 ./Drivers/STM32F1xx_HAL_Driver/Src/stm32f1xx_hal_gpio.o
 .debug_aranges
                0x00000000000007d0       0x90 ./Drivers/STM32F1xx_HAL_Driver/Src/stm32f1xx_hal_rcc.o
 .debug_aranges
                0x0000000000000860      0x208 ./Drivers/STM32F1xx_HAL_Driver/Src/stm32f1xx_hal_uart.o

.debug_rnglists
                0x0000000000000000      0x7e8
 .debug_rnglists
                0x0000000000000000       0x5a ./Core/Src/app_side_etx_ota.o
 .debug_rnglists
                0x000000000000005a       0x13 ./Core/Src/crc32_mpeg2.o
 .debug_rnglists
                0x000000000000006d       0x3a ./Core/Src/firmware_update_config.o
 .debug_rnglists
                0x00000000000000a7       0xb0 ./Core/Src/hm10_ble_driver.o
 .debug_rnglists
                0x0000000000000157       0x5f ./Core/Src/main.o
 .debug_rnglists
                0x00000000000001b6       0x21 ./Core/Src/stm32f1xx_hal_msp.o
 .debug_rnglists
                0x00000000000001d7       0x4f ./Core/Src/stm32f1xx_it.o
 .debug_rnglists
                0x0000000000000226       0x79 ./Core/Src/syscalls.o
 .debug_rnglists
                0x000000000000029f       0x13 ./Core/Src/sysmem.o
 .debug_rnglists
                0x00000000000002b2       0x1a ./Core/Src/system_stm32f1xx.o
 .debug_rnglists
                0x00000000000002cc       0x19 ./Core/Startup/startup_stm32f103c8tx.o
 .debug_rnglists
                0x00000000000002e5       0xa3 ./Drivers/STM32F1xx_HAL_Driver/Src/stm32f1xx_hal.o
 .debug_rnglists
                0x0000000000000388       0xbb ./Drivers/STM32F1xx_HAL_Driver/Src/stm32f1xx_hal_cortex.o
 .debug_rnglists
                0x0000000000000443       0x64 ./Drivers/STM32F1xx_HAL_Driver/Src/stm32f1xx_hal_dma.o
 .debug_rnglists
                0x00000000000004a7       0x66 ./Drivers/STM32F1xx_HAL_Driver/Src/stm32f1xx_hal_flash.o
 .debug_rnglists
                0x000000000000050d       0x74 ./Drivers/STM32F1xx_HAL_Driver/Src/stm32f1xx_hal_flash_ex.o
 .debug_rnglists
                0x0000000000000581       0x3f ./Drivers/STM32F1xx_HAL_Driver/Src/stm32f1xx_hal_gpio.o
 .debug_rnglists
                0x00000000000005c0       0x6c ./Drivers/STM32F1xx_HAL_Driver/Src/stm32f1xx_hal_rcc.o
 .debug_rnglists
                0x000000000000062c      0x1bc ./Drivers/STM32F1xx_HAL_Driver/Src/stm32f1xx_hal_uart.o

.debug_macro    0x0000000000000000    0x18954
 .debug_macro   0x0000000000000000      0x34c ./Core/Src/app_side_etx_ota.o
 .debug_macro   0x000000000000034c      0xa9c ./Core/Src/app_side_etx_ota.o
 .debug_macro   0x0000000000000de8       0x22 ./Core/Src/app_side_etx_ota.o
 .debug_macro   0x0000000000000e0a       0x8e ./Core/Src/app_side_etx_ota.o
 .debug_macro   0x0000000000000e98       0x51 ./Core/Src/app_side_etx_ota.o
 .debug_macro   0x0000000000000ee9      0x103 ./Core/Src/app_side_etx_ota.o
 .debug_macro   0x0000000000000fec       0x6a ./Core/Src/app_side_etx_ota.o
 .debug_macro   0x0000000000001056      0x1df ./Core/Src/app_side_etx_ota.o
 .debug_macro   0x0000000000001235      0x215 ./Core/Src/app_side_etx_ota.o
 .debug_macro   0x000000000000144a       0x2e ./Core/Src/app_side_etx_ota.o
 .debug_macro   0x0000000000001478       0x22 ./Core/Src/app_side_etx_ota.o
 .debug_macro   0x000000000000149a       0x1c ./Core/Src/app_side_etx_ota.o
 .debug_macro   0x00000000000014b6       0x22 ./Core/Src/app_side_etx_ota.o
 .debug_macro   0x00000000000014d8       0xbd ./Core/Src/app_side_etx_ota.o
 .debug_macro   0x0000000000001595      0xd23 ./Core/Src/app_side_etx_ota.o
 .debug_macro   0x00000000000022b8     0xe09e ./Core/Src/app_side_etx_ota.o
 .debug_macro   0x0000000000010356       0x6d ./Core/Src/app_side_etx_ota.o
 .debug_macro   0x00000000000103c3     0x348d ./Core/Src/app_side_etx_ota.o
 .debug_macro   0x0000000000013850      0x174 ./Core/Src/app_side_etx_ota.o
 .debug_macro   0x00000000000139c4       0x5c ./Core/Src/app_side_etx_ota.o
 .debug_macro   0x0000000000013a20      0x5bc ./Core/Src/app_side_etx_ota.o
 .debug_macro   0x0000000000013fdc      0x289 ./Core/Src/app_side_etx_ota.o
 .debug_macro   0x0000000000014265      0x1cb ./Core/Src/app_side_etx_ota.o
 .debug_macro   0x0000000000014430      0x114 ./Core/Src/app_side_etx_ota.o
 .debug_macro   0x0000000000014544      0x1b2 ./Core/Src/app_side_etx_ota.o
 .debug_macro   0x00000000000146f6       0x27 ./Core/Src/app_side_etx_ota.o
 .debug_macro   0x000000000001471d      0x136 ./Core/Src/app_side_etx_ota.o
 .debug_macro   0x0000000000014853      0x1bc ./Core/Src/app_side_etx_ota.o
 .debug_macro   0x0000000000014a0f       0x34 ./Core/Src/app_side_etx_ota.o
 .debug_macro   0x0000000000014a43       0x3c ./Core/Src/app_side_etx_ota.o
 .debug_macro   0x0000000000014a7f       0x57 ./Core/Src/app_side_etx_ota.o
 .debug_macro   0x0000000000014ad6       0x87 ./Core/Src/app_side_etx_ota.o
 .debug_macro   0x0000000000014b5d      0x240 ./Core/Src/app_side_etx_ota.o
 .debug_macro   0x0000000000014d9d      0x140 ./Core/Src/app_side_etx_ota.o
 .debug_macro   0x0000000000014edd      0x28e ./Core/Src/app_side_etx_ota.o
 .debug_macro   0x000000000001516b       0x83 ./Core/Src/app_side_etx_ota.o
 .debug_macro   0x00000000000151ee       0x61 ./Core/Src/app_side_etx_ota.o
 .debug_macro   0x000000000001524f       0x24 ./Core/Src/app_side_etx_ota.o
 .debug_macro   0x0000000000015273       0x43 ./Core/Src/app_side_etx_ota.o
 .debug_macro   0x00000000000152b6       0x34 ./Core/Src/app_side_etx_ota.o
 .debug_macro   0x00000000000152ea       0x16 ./Core/Src/app_side_etx_ota.o
 .debug_macro   0x0000000000015300       0x35 ./Core/Src/app_side_etx_ota.o
 .debug_macro   0x0000000000015335      0x369 ./Core/Src/app_side_etx_ota.o
 .debug_macro   0x000000000001569e       0x10 ./Core/Src/app_side_etx_ota.o
 .debug_macro   0x00000000000156ae       0x16 ./Core/Src/app_side_etx_ota.o
 .debug_macro   0x00000000000156c4       0x43 ./Core/Src/app_side_etx_ota.o
 .debug_macro   0x0000000000015707       0x34 ./Core/Src/app_side_etx_ota.o
 .debug_macro   0x000000000001573b       0x10 ./Core/Src/app_side_etx_ota.o
 .debug_macro   0x000000000001574b       0x58 ./Core/Src/app_side_etx_ota.o
 .debug_macro   0x00000000000157a3       0x8e ./Core/Src/app_side_etx_ota.o
 .debug_macro   0x0000000000015831       0x1c ./Core/Src/app_side_etx_ota.o
 .debug_macro   0x000000000001584d      0x177 ./Core/Src/app_side_etx_ota.o
 .debug_macro   0x00000000000159c4       0x16 ./Core/Src/app_side_etx_ota.o
 .debug_macro   0x00000000000159da       0x16 ./Core/Src/app_side_etx_ota.o
 .debug_macro   0x00000000000159f0      0x147 ./Core/Src/app_side_etx_ota.o
 .debug_macro   0x0000000000015b37       0x10 ./Core/Src/app_side_etx_ota.o
 .debug_macro   0x0000000000015b47       0x77 ./Core/Src/app_side_etx_ota.o
 .debug_macro   0x0000000000015bbe       0x12 ./Core/Src/app_side_etx_ota.o
 .debug_macro   0x0000000000015bd0       0x10 ./Core/Src/app_side_etx_ota.o
 .debug_macro   0x0000000000015be0       0x16 ./Core/Src/app_side_etx_ota.o
 .debug_macro   0x0000000000015bf6       0x20 ./Core/Src/app_side_etx_ota.o
 .debug_macro   0x0000000000015c16       0x6d ./Core/Src/crc32_mpeg2.o
 .debug_macro   0x0000000000015c83      0x32e ./Core/Src/firmware_update_config.o
 .debug_macro   0x0000000000015fb1      0x39d ./Core/Src/hm10_ble_driver.o
 .debug_macro   0x000000000001634e      0x2fa ./Core/Src/main.o
 .debug_macro   0x0000000000016648      0x198 ./Core/Src/stm32f1xx_hal_msp.o
 .debug_macro   0x00000000000167e0      0x1a2 ./Core/Src/stm32f1xx_it.o
 .debug_macro   0x0000000000016982      0x274 ./Core/Src/syscalls.o
 .debug_macro   0x0000000000016bf6       0x5b ./Core/Src/syscalls.o
 .debug_macro   0x0000000000016c51       0x94 ./Core/Src/syscalls.o
 .debug_macro   0x0000000000016ce5       0x57 ./Core/Src/syscalls.o
 .debug_macro   0x0000000000016d3c       0x10 ./Core/Src/syscalls.o
 .debug_macro   0x0000000000016d4c       0x10 ./Core/Src/syscalls.o
 .debug_macro   0x0000000000016d5c       0x10 ./Core/Src/syscalls.o
 .debug_macro   0x0000000000016d6c       0x10 ./Core/Src/syscalls.o
 .debug_macro   0x0000000000016d7c       0x1c ./Core/Src/syscalls.o
 .debug_macro   0x0000000000016d98       0x52 ./Core/Src/syscalls.o
 .debug_macro   0x0000000000016dea       0x22 ./Core/Src/syscalls.o
 .debug_macro   0x0000000000016e0c       0x10 ./Core/Src/syscalls.o
 .debug_macro   0x0000000000016e1c       0x52 ./Core/Src/syscalls.o
 .debug_macro   0x0000000000016e6e       0xcf ./Core/Src/syscalls.o
 .debug_macro   0x0000000000016f3d       0x1c ./Core/Src/syscalls.o
 .debug_macro   0x0000000000016f59       0x3d ./Core/Src/syscalls.o
 .debug_macro   0x0000000000016f96       0x35 ./Core/Src/syscalls.o
 .debug_macro   0x0000000000016fcb      0x12c ./Core/Src/syscalls.o
 .debug_macro   0x00000000000170f7       0x16 ./Core/Src/syscalls.o
 .debug_macro   0x000000000001710d       0x16 ./Core/Src/syscalls.o
 .debug_macro   0x0000000000017123       0x29 ./Core/Src/syscalls.o
 .debug_macro   0x000000000001714c       0x10 ./Core/Src/syscalls.o
 .debug_macro   0x000000000001715c      0x242 ./Core/Src/syscalls.o
 .debug_macro   0x000000000001739e       0x1c ./Core/Src/syscalls.o
 .debug_macro   0x00000000000173ba       0x10 ./Core/Src/syscalls.o
 .debug_macro   0x00000000000173ca      0x18a ./Core/Src/syscalls.o
 .debug_macro   0x0000000000017554       0x16 ./Core/Src/syscalls.o
 .debug_macro   0x000000000001756a       0xce ./Core/Src/syscalls.o
 .debug_macro   0x0000000000017638       0xff ./Core/Src/sysmem.o
 .debug_macro   0x0000000000017737      0x23c ./Core/Src/sysmem.o
 .debug_macro   0x0000000000017973      0x2bd ./Core/Src/system_stm32f1xx.o
 .debug_macro   0x0000000000017c30      0x1b2 ./Drivers/STM32F1xx_HAL_Driver/Src/stm32f1xx_hal.o
 .debug_macro   0x0000000000017de2      0x18e ./Drivers/STM32F1xx_HAL_Driver/Src/stm32f1xx_hal_cortex.o
 .debug_macro   0x0000000000017f70      0x18e ./Drivers/STM32F1xx_HAL_Driver/Src/stm32f1xx_hal_dma.o
 .debug_macro   0x00000000000180fe      0x18e ./Drivers/STM32F1xx_HAL_Driver/Src/stm32f1xx_hal_flash.o
 .debug_macro   0x000000000001828c      0x1a0 ./Drivers/STM32F1xx_HAL_Driver/Src/stm32f1xx_hal_flash_ex.o
 .debug_macro   0x000000000001842c      0x1f9 ./Drivers/STM32F1xx_HAL_Driver/Src/stm32f1xx_hal_gpio.o
 .debug_macro   0x0000000000018625      0x1a0 ./Drivers/STM32F1xx_HAL_Driver/Src/stm32f1xx_hal_rcc.o
 .debug_macro   0x00000000000187c5      0x18f ./Drivers/STM32F1xx_HAL_Driver/Src/stm32f1xx_hal_uart.o

.debug_line     0x0000000000000000     0xdc08
 .debug_line    0x0000000000000000      0xd84 ./Core/Src/app_side_etx_ota.o
 .debug_line    0x0000000000000d84      0x47b ./Core/Src/crc32_mpeg2.o
 .debug_line    0x00000000000011ff      0xaf0 ./Core/Src/firmware_update_config.o
 .debug_line    0x0000000000001cef     0x1446 ./Core/Src/hm10_ble_driver.o
 .debug_line    0x0000000000003135      0xba6 ./Core/Src/main.o
 .debug_line    0x0000000000003cdb      0x794 ./Core/Src/stm32f1xx_hal_msp.o
 .debug_line    0x000000000000446f      0x7be ./Core/Src/stm32f1xx_it.o
 .debug_line    0x0000000000004c2d      0x8a8 ./Core/Src/syscalls.o
 .debug_line    0x00000000000054d5      0x579 ./Core/Src/sysmem.o
 .debug_line    0x0000000000005a4e      0x8e4 ./Core/Src/system_stm32f1xx.o
 .debug_line    0x0000000000006332       0x78 ./Core/Startup/startup_stm32f103c8tx.o
 .debug_line    0x00000000000063aa      0x977 ./Drivers/STM32F1xx_HAL_Driver/Src/stm32f1xx_hal.o
 .debug_line    0x0000000000006d21      0xb5f ./Drivers/STM32F1xx_HAL_Driver/Src/stm32f1xx_hal_cortex.o
 .debug_line    0x0000000000007880      0xdd0 ./Drivers/STM32F1xx_HAL_Driver/Src/stm32f1xx_hal_dma.o
 .debug_line    0x0000000000008650      0xa54 ./Drivers/STM32F1xx_HAL_Driver/Src/stm32f1xx_hal_flash.o
 .debug_line    0x00000000000090a4      0xb2f ./Drivers/STM32F1xx_HAL_Driver/Src/stm32f1xx_hal_flash_ex.o
 .debug_line    0x0000000000009bd3      0xa10 ./Drivers/STM32F1xx_HAL_Driver/Src/stm32f1xx_hal_gpio.o
 .debug_line    0x000000000000a5e3      0xd80 ./Drivers/STM32F1xx_HAL_Driver/Src/stm32f1xx_hal_rcc.o
 .debug_line    0x000000000000b363     0x28a5 ./Drivers/STM32F1xx_HAL_Driver/Src/stm32f1xx_hal_uart.o

.debug_str      0x0000000000000000    0x8643b
 .debug_str     0x0000000000000000    0x81035 ./Core/Src/app_side_etx_ota.o
                                      0x81450 (size before relaxing)
 .debug_str     0x0000000000081035       0x40 ./Core/Src/crc32_mpeg2.o
                                       0x3d39 (size before relaxing)
 .debug_str     0x0000000000081075      0x562 ./Core/Src/firmware_update_config.o
                                      0x80a4c (size before relaxing)
 .debug_str     0x00000000000815d7      0xb93 ./Core/Src/hm10_ble_driver.o
                                      0x81613 (size before relaxing)
 .debug_str     0x000000000008216a      0x411 ./Core/Src/main.o
                                      0x80f12 (size before relaxing)
 .debug_str     0x000000000008257b      0x30a ./Core/Src/stm32f1xx_hal_msp.o
                                      0x7d03f (size before relaxing)
 .debug_str     0x0000000000082885      0x101 ./Core/Src/stm32f1xx_it.o
                                      0x7cd36 (size before relaxing)
 .debug_str     0x0000000000082986     0x20be ./Core/Src/syscalls.o
                                       0x9883 (size before relaxing)
 .debug_str     0x0000000000084a44       0x6b ./Core/Src/sysmem.o
                                       0x603a (size before relaxing)
 .debug_str     0x0000000000084aaf      0x14c ./Core/Src/system_stm32f1xx.o
                                      0x80443 (size before relaxing)
 .debug_str     0x0000000000084bfb       0x34 ./Core/Startup/startup_stm32f103c8tx.o