../Core/Src/main.c:215:5:main	24	static
../Core/Src/main.c:368:6:SystemClock_Config	72	static
../Core/Src/main.c:404:13:MX_USART1_UART_Init	8	static
../Core/Src/main.c:437:13:MX_USART2_UART_Init	8	static
../Core/Src/main.c:470:13:MX_USART3_UART_Init	8	static
../Core/Src/main.c:503:13:MX_GPIO_Init	40	static
../Core/Src/main.c:543:6:__io_putchar	16	static
../Core/Src/main.c:554:13:custom_firmware_update_config_init	24	static
../Core/Src/main.c:604:13:custom_init_etx_ota_protocol_module	24	static
../Core/Src/main.c:629:13:validate_bootloader_firmware	16	static
../Core/Src/main.c:655:13:validate_application_firmware	24	static
../Core/Src/main.c:693:13:HAL_uart_rx_flush	24	static
../Core/Src/main.c:708:13:goto_application_firmware	16	static
../Core/Src/main.c:730:6:Error_Handler	4	static,ignoring_inline_asm
