../Core/Src/app_side_etx_ota.c:441:16:init_firmware_update_module	48	static
../Core/Src/app_side_etx_ota.c:602:6:start_etx_ota	8	static
../Core/Src/app_side_etx_ota.c:608:6:stop_etx_ota	4	static
../Core/Src/app_side_etx_ota.c:629:6:HAL_UART_RxCpltCallback	16	static
../Core/Src/app_side_etx_ota.c:661:23:start_etx_ota_transaction	16	static
../Core/Src/app_side_etx_ota.c:758:23:etx_ota_receive_packet	40	static
../Core/Src/app_side_etx_ota.c:977:23:etx_ota_process_data	32	static
../Core/Src/app_side_etx_ota.c:1136:23:etx_ota_send_resp	32	static
../Core/Src/app_side_etx_ota.c:1172:13:write_data_to_ram	24	static
../Core/Src/app_side_etx_ota.c:1182:23:HAL_ret_handler	16	static
../Core/Src/app_side_etx_ota.c:1196:28:etx_ota_pre_transaction_handler	4	static
../Core/Src/app_side_etx_ota.c:1204:28:etx_ota_status_resp_handler	16	static
