Archive member included to satisfy reference by file (symbol)

C:/ST/STM32CubeIDE_1.13.1/STM32CubeIDE/plugins/com.st.stm32cube.ide.mcu.externaltools.gnu-tools-for-stm32.11.3.rel1.win32_1.1.0.202305231506/tools/bin/../lib/gcc/arm-none-eabi/11.3.1/../../../../arm-none-eabi/lib/thumb/v7-m/nofp\libc_nano.a(libc_a-exit.o)
                              C:/ST/STM32CubeIDE_1.13.1/STM32CubeIDE/plugins/com.st.stm32cube.ide.mcu.externaltools.gnu-tools-for-stm32.11.3.rel1.win32_1.1.0.202305231506/tools/bin/../lib/gcc/arm-none-eabi/11.3.1/../../../../arm-none-eabi/lib/thumb/v7-m/nofp/crt0.o (exit)
C:/ST/STM32CubeIDE_1.13.1/STM32CubeIDE/plugins/com.st.stm32cube.ide.mcu.externaltools.gnu-tools-for-stm32.11.3.rel1.win32_1.1.0.202305231506/tools/bin/../lib/gcc/arm-none-eabi/11.3.1/../../../../arm-none-eabi/lib/thumb/v7-m/nofp\libc_nano.a(libc_a-findfp.o)
                              C:/ST/STM32CubeIDE_1.13.1/STM32CubeIDE/plugins/com.st.stm32cube.ide.mcu.externaltools.gnu-tools-for-stm32.11.3.rel1.win32_1.1.0.202305231506/tools/bin/../lib/gcc/arm-none-eabi/11.3.1/../../../../arm-none-eabi/lib/thumb/v7-m/nofp\libc_nano.a(libc_a-exit.o) (__stdio_exit_handler)
C:/ST/STM32CubeIDE_1.13.1/STM32CubeIDE/plugins/com.st.stm32cube.ide.mcu.externaltools.gnu-tools-for-stm32.11.3.rel1.win32_1.1.0.202305231506/tools/bin/../lib/gcc/arm-none-eabi/11.3.1/../../../../arm-none-eabi/lib/thumb/v7-m/nofp\libc_nano.a(libc_a-fwalk.o)
                              C:/ST/STM32CubeIDE_1.13.1/STM32CubeIDE/plugins/com.st.stm32cube.ide.mcu.externaltools.gnu-tools-for-stm32.11.3.rel1.win32_1.1.0.202305231506/tools/bin/../lib/gcc/arm-none-eabi/11.3.1/../../../../arm-none-eabi/lib/thumb/v7-m/nofp\libc_nano.a(libc_a-findfp.o) (_fwalk_sglue)
C:/ST/STM32CubeIDE_1.13.1/STM32CubeIDE/plugins/com.st.stm32cube.ide.mcu.externaltools.gnu-tools-for-stm32.11.3.rel1.win32_1.1.0.202305231506/tools/bin/../lib/gcc/arm-none-eabi/11.3.1/../../../../arm-none-eabi/lib/thumb/v7-m/nofp\libc_nano.a(libc_a-stdio.o)
                              C:/ST/STM32CubeIDE_1.13.1/STM32CubeIDE/plugins/com.st.stm32cube.ide.mcu.externaltools.gnu-tools-for-stm32.11.3.rel1.win32_1.1.0.202305231506/tools/bin/../lib/gcc/arm-none-eabi/11.3.1/../../../../arm-none-eabi/lib/thumb/v7-m/nofp\libc_nano.a(libc_a-findfp.o) (__sread)
C:/ST/STM32CubeIDE_1.13.1/STM32CubeIDE/plugins/com.st.stm32cube.ide.mcu.externaltools.gnu-tools-for-stm32.11.3.rel1.win32_1.1.0.202305231506/tools/bin/../lib/gcc/arm-none-eabi/11.3.1/../../../../arm-none-eabi/lib/thumb/v7-m/nofp\libc_nano.a(libc_a-memset.o)
                              C:/ST/STM32CubeIDE_1.13.1/STM32CubeIDE/plugins/com.st.stm32cube.ide.mcu.externaltools.gnu-tools-for-stm32.11.3.rel1.win32_1.1.0.202305231506/tools/bin/../lib/gcc/arm-none-eabi/11.3.1/../../../../arm-none-eabi/lib/thumb/v7-m/nofp/crt0.o (memset)
C:/ST/STM32CubeIDE_1.13.1/STM32CubeIDE/plugins/com.st.stm32cube.ide.mcu.externaltools.gnu-tools-for-stm32.11.3.rel1.win32_1.1.0.202305231506/tools/bin/../lib/gcc/arm-none-eabi/11.3.1/../../../../arm-none-eabi/lib/thumb/v7-m/nofp\libc_nano.a(libc_a-closer.o)
                              C:/ST/STM32CubeIDE_1.13.1/STM32CubeIDE/plugins/com.st.stm32cube.ide.mcu.externaltools.gnu-tools-for-stm32.11.3.rel1.win32_1.1.0.202305231506/tools/bin/../lib/gcc/arm-none-eabi/11.3.1/../../../../arm-none-eabi/lib/thumb/v7-m/nofp\libc_nano.a(libc_a-stdio.o) (_close_r)
C:/ST/STM32CubeIDE_1.13.1/STM32CubeIDE/plugins/com.st.stm32cube.ide.mcu.externaltools.gnu-tools-for-stm32.11.3.rel1.win32_1.1.0.202305231506/tools/bin/../lib/gcc/arm-none-eabi/11.3.1/../../../../arm-none-eabi/lib/thumb/v7-m/nofp\libc_nano.a(libc_a-reent.o)
                              C:/ST/STM32CubeIDE_1.13.1/STM32CubeIDE/plugins/com.st.stm32cube.ide.mcu.externaltools.gnu-tools-for-stm32.11.3.rel1.win32_1.1.0.202305231506/tools/bin/../lib/gcc/arm-none-eabi/11.3.1/../../../../arm-none-eabi/lib/thumb/v7-m/nofp\libc_nano.a(libc_a-closer.o) (errno)
C:/ST/STM32CubeIDE_1.13.1/STM32CubeIDE/plugins/com.st.stm32cube.ide.mcu.externaltools.gnu-tools-for-stm32.11.3.rel1.win32_1.1.0.202305231506/tools/bin/../lib/gcc/arm-none-eabi/11.3.1/../../../../arm-none-eabi/lib/thumb/v7-m/nofp\libc_nano.a(libc_a-impure.o)
                              C:/ST/STM32CubeIDE_1.13.1/STM32CubeIDE/plugins/com.st.stm32cube.ide.mcu.externaltools.gnu-tools-for-stm32.11.3.rel1.win32_1.1.0.202305231506/tools/bin/../lib/gcc/arm-none-eabi/11.3.1/../../../../arm-none-eabi/lib/thumb/v7-m/nofp\libc_nano.a(libc_a-reent.o) (_impure_ptr)
C:/ST/STM32CubeIDE_1.13.1/STM32CubeIDE/plugins/com.st.stm32cube.ide.mcu.externaltools.gnu-tools-for-stm32.11.3.rel1.win32_1.1.0.202305231506/tools/bin/../lib/gcc/arm-none-eabi/11.3.1/../../../../arm-none-eabi/lib/thumb/v7-m/nofp\libc_nano.a(libc_a-lseekr.o)
[...]
Memory Configuration

Name             Origin             Length             Attributes
RAM              0x0000000020000000 0x0000000000005000 xrw
FLASH            0x0000000008000000 0x0000000000002000 xr
*default*        0x0000000000000000 0xffffffffffffffff

Linker script and memory map

LOAD C:/ST/STM32CubeIDE_1.13.1/STM32CubeIDE/plugins/com.st.stm32cube.ide.mcu.externaltools.gnu-tools-for-stm32.11.3.rel1.win32_1.1.0.202305231506/tools/bin/../lib/gcc/arm-none-eabi/11.3.1/thumb/v7-m/nofp/crti.o
LOAD C:/ST/STM32CubeIDE_1.13.1/STM32CubeIDE/plugins/com.st.stm32cube.ide.mcu.externaltools.gnu-tools-for-stm32.11.3.rel1.win32_1.1.0.202305231506/tools/bin/../lib/gcc/arm-none-eabi/11.3.1/thumb/v7-m/nofp/crtbegin.o
LOAD C:/ST/STM32CubeIDE_1.13.1/STM32CubeIDE/plugins/com.st.stm32cube.ide.mcu.externaltools.gnu-tools-for-stm32.11.3.rel1.win32_1.1.0.202305231506/tools/bin/../lib/gcc/arm-none-eabi/11.3.1/../../../../arm-none-eabi/lib/thumb/v7-m/nofp/crt0.o
LOAD ./Core/Src/crc32_mpeg2.o
LOAD ./Core/Src/firmware_update_config.o
LOAD ./Core/Src/main.o
LOAD ./Core/Src/pre_bl_side_etx_ota.o
LOAD ./Core/Src/stm32f1xx_hal_msp.o
LOAD ./Core/Src/stm32f1xx_it.o
LOAD ./Core/Src/syscalls.o
LOAD ./Core/Src/sysmem.o
LOAD ./Core/Src/system_stm32f1xx.o
LOAD ./Core/Startup/startup_stm32f103c8tx.o
LOAD ./Drivers/STM32F1xx_HAL_Driver/Src/stm32f1xx_hal.o
LOAD ./Drivers/STM32F1xx_HAL_Driver/Src/stm32f1xx_hal_cortex.o
LOAD ./Drivers/STM32F1xx_HAL_Driver/Src/stm32f1xx_hal_dma.o
LOAD ./Drivers/STM32F1xx_HAL_Driver/Src/stm32f1xx_hal_exti.o
LOAD ./Drivers/STM32F1xx_HAL_Driver/Src/stm32f1xx_hal_flash.o
LOAD ./Drivers/STM32F1xx_HAL_Driver/Src/stm32f1xx_hal_flash_ex.o
LOAD ./Drivers/STM32F1xx_HAL_Driver/Src/stm32f1xx_hal_gpio.o
LOAD ./Drivers/STM32F1xx_HAL_Driver/Src/stm32f1xx_hal_gpio_ex.o
LOAD ./Drivers/STM32F1xx_HAL_Driver/Src/stm32f1xx_hal_pwr.o
LOAD ./Drivers/STM32F1xx_HAL_Driver/Src/stm32f1xx_hal_rcc.o
LOAD ./Drivers/STM32F1xx_HAL_Driver/Src/stm32f1xx_hal_rcc_ex.o
LOAD ./Drivers/STM32F1xx_HAL_Driver/Src/stm32f1xx_hal_tim.o
LOAD ./Drivers/STM32F1xx_HAL_Driver/Src/stm32f1xx_hal_tim_ex.o
START GROUP
LOAD C:/ST/STM32CubeIDE_1.13.1/STM32CubeIDE/plugins/com.st.stm32cube.ide.mcu.externaltools.gnu-tools-for-stm32.11.3.rel1.win32_1.1.0.202305231506/tools/bin/../lib/gcc/arm-none-eabi/11.3.1/../../../../arm-none-eabi/lib/thumb/v7-m/nofp\libc_nano.a
LOAD C:/ST/STM32CubeIDE_1.13.1/STM32CubeIDE/plugins/com.st.stm32cube.ide.mcu.externaltools.gnu-tools-for-stm32.11.3.rel1.win32_1.1.0.202305231506/tools/bin/../lib/gcc/arm-none-eabi/11.3.1/../../../../arm-none-eabi/lib/thumb/v7-m/nofp\libm.a
END GROUP
START GROUP
LOAD C:/ST/STM32CubeIDE_1.13.1/STM32CubeIDE/plugins/com.st.stm32cube.ide.mcu.externaltools.gnu-tools-for-stm32.11.3.rel1.win32_1.1.0.202305231506/tools/bin/../lib/gcc/arm-none-eabi/11.3.1/thumb/v7-m/nofp\libgcc.a
LOAD C:/ST/STM32CubeIDE_1.13.1/STM32CubeIDE/plugins/com.st.stm32cube.ide.mcu.externaltools.gnu-tools-for-stm32.11.3.rel1.win32_1.1.0.202305231506/tools/bin/../lib/gcc/arm-none-eabi/11.3.1/../../../../arm-none-eabi/lib/thumb/v7-m/nofp\libc_nano.a
END GROUP
START GROUP
LOAD C:/ST/STM32CubeIDE_1.13.1/STM32CubeIDE/plugins/com.st.stm32cube.ide.mcu.externaltools.gnu-tools-for-stm32.11.3.rel1.win32_1.1.0.202305231506/tools/bin/../lib/gcc/arm-none-eabi/11.3.1/thumb/v7-m/nofp\libgcc.a
LOAD C:/ST/STM32CubeIDE_1.13.1/STM32CubeIDE/plugins/com.st.stm32cube.ide.mcu.externaltools.gnu-tools-for-stm32.11.3.rel1.win32_1.1.0.202305231506/tools/bin/../lib/gcc/arm-none-eabi/11.3.1/../../../../arm-none-eabi/lib/thumb/v7-m/nofp\libc_nano.a
LOAD C:/ST/STM32CubeIDE_1.13.1/STM32CubeIDE/plugins/com.st.stm32cube.ide.mcu.externaltools.gnu-tools-for-stm32.11.3.rel1.win32_1.1.0.202305231506/tools/bin/../lib/gcc/arm-none-eabi/11.3.1/../../../../arm-none-eabi/lib/thumb/v7-m/nofp\libnosys.a
END GROUP
START GROUP
LOAD C:/ST/STM32CubeIDE_1.13.1/STM32CubeIDE/plugins/com.st.stm32cube.ide.mcu.externaltools.gnu-tools-for-stm32.11.3.rel1.win32_1.1.0.202305231506/tools/bin/../lib/gcc/arm-none-eabi/11.3.1/thumb/v7-m/nofp\libgcc.a
LOAD C:/ST/STM32CubeIDE_1.13.1/STM32CubeIDE/plugins/com.st.stm32cube.ide.mcu.externaltools.gnu-tools-for-stm32.11.3.rel1.win32_1.1.0.202305231506/tools/bin/../lib/gcc/arm-none-eabi/11.3.1/../../../../arm-none-eabi/lib/thumb/v7-m/nofp\libc_nano.a
LOAD C:/ST/STM32CubeIDE_1.13.1/STM32CubeIDE/plugins/com.st.stm32cube.ide.mcu.externaltools.gnu-tools-for-stm32.11.3.rel1.win32_1.1.0.202305231506/tools/bin/../lib/gcc/arm-none-eabi/11.3.1/../../../../arm-none-eabi/lib/thumb/v7-m/nofp\libnosys.a
END GROUP
LOAD C:/ST/STM32CubeIDE_1.13.1/STM32CubeIDE/plugins/com.st.stm32cube.ide.mcu.externaltools.gnu-tools-for-stm32.11.3.rel1.win32_1.1.0.202305231506/tools/bin/../lib/gcc/arm-none-eabi/11.3.1/thumb/v7-m/nofp/crtend.o
LOAD C:/ST/STM32CubeIDE_1.13.1/STM32CubeIDE/plugins/com.st.stm32cube.ide.mcu.externaltools.gnu-tools-for-stm32.11.3.rel1.win32_1.1.0.202305231506/tools/bin/../lib/gcc/arm-none-eabi/11.3.1/thumb/v7-m/nofp/crtn.o
                0x0000000020005000                _estack = (ORIGIN (RAM) + LENGTH (RAM))
                0x0000000000000200                _Min_Heap_Size = 0x200
                0x0000000000000400                _Min_Stack_Size = 0x400

.isr_vector     0x0000000008000000      0x10c
                0x0000000008000000                . = ALIGN (0x4)
 *(.isr_vector)
 .isr_vector    0x0000000008000000      0x10c ./Core/Startup/startup_stm32f103c8tx.o
                0x0000000008000000                g_pfnVectors
                0x000000000800010c                . = ALIGN (0x4)

.text           0x000000000800010c     0x1794
                0x000000000800010c                . = ALIGN (0x4)
 *(.text)
 .text          0x000000000800010c       0x40 C:/ST/STM32CubeIDE_1.13.1/STM32CubeIDE/plugins/com.st.stm32cube.ide.mcu.externaltools.gnu-tools-for-stm32.11.3.rel1.win32_1.1.0.202305231506/tools/bin/../lib/gcc/arm-none-eabi/11.3.1/thumb/v7-m/nofp/crtbegin.o
 *(.text*)
 .text.crc32_mpeg2
                0x000000000800014c       0x64 ./Core/Src/crc32_mpeg2.o
                0x000000000800014c                crc32_mpeg2
 .text.firmware_update_configurations_init
                0x00000000080001b0       0xb4 ./Core/Src/firmware_update_config.o
                0x00000000080001b0                firmware_update_configurations_init
 .text.firmware_update_configurations_read
                0x0000000008000264       0x38 ./Core/Src/firmware_update_config.o
                0x0000000008000264                firmware_update_configurations_read
 .text.firmware_update_configurations_write
                0x000000000800029c      0x16c ./Core/Src/firmware_update_config.o
                0x000000000800029c                firmware_update_configurations_write
 .text.restore_firm_updt_config_flash_memory
                0x0000000008000408       0x40 ./Core/Src/firmware_update_config.o
 .text.prep_page_swap
                0x0000000008000448       0x68 ./Core/Src/firmware_update_config.o
 .text.page_erase
                0x00000000080004b0       0x88 ./Core/Src/firmware_update_config.o
 .text.HAL_ret_handler
                0x0000000008000538       0x2e ./Core/Src/firmware_update_config.o
 *fill*         0x0000000008000566        0x2 
 .text.main     0x0000000008000568       0x68 ./Core/Src/main.o
                0x0000000008000568                main
 .text.SystemClock_Config
                0x00000000080005d0       0x74 ./Core/Src/main.o
                0x00000000080005d0                SystemClock_Config
 .text.MX_GPIO_Init
                0x0000000008000644       0x2c ./Core/Src/main.o
 .text.custom_firmware_update_config_init
                0x0000000008000670       0x70 ./Core/Src/main.o
 .text.validate_application_firmware
                0x00000000080006e0       0x58 ./Core/Src/main.o
 .text.goto_bootloader_firmware
                0x0000000008000738       0x1c ./Core/Src/main.o
 .text.Error_Handler
                0x0000000008000754        0xa ./Core/Src/main.o
                0x0000000008000754                Error_Handler
 *fill*         0x000000000800075e        0x2 
 .text.install_bl_stored_in_app_fw
                0x0000000008000760      0x11c ./Core/Src/pre_bl_side_etx_ota.o
                0x0000000008000760                install_bl_stored_in_app_fw
 .text.HAL_ret_handler
                0x000000000800087c       0x2e ./Core/Src/pre_bl_side_etx_ota.o
 *fill*         0x00000000080008aa        0x2 
 .text.HAL_MspInit
                0x00000000080008ac       0x44 ./Core/Src/stm32f1xx_hal_msp.o
                0x00000000080008ac                HAL_MspInit
 .text.NMI_Handler
                0x00000000080008f0        0x6 ./Core/Src/stm32f1xx_it.o
                0x00000000080008f0                NMI_Handler
 .text.HardFault_Handler
                0x00000000080008f6        0x6 ./Core/Src/stm32f1xx_it.o
                0x00000000080008f6                HardFault_Handler
 .text.MemManage_Handler
                0x00000000080008fc        0x6 ./Core/Src/stm32f1xx_it.o
                0x00000000080008fc                MemManage_Handler
 .text.BusFault_Handler
                0x0000000008000902        0x6 ./Core/Src/stm32f1xx_it.o
                0x0000000008000902                BusFault_Handler
 .text.UsageFault_Handler
                0x0000000008000908        0x6 ./Core/Src/stm32f1xx_it.o
                0x0000000008000908                UsageFault_Handler
 .text.SVC_Handler
                0x000000000800090e        0xc ./Core/Src/stm32f1xx_it.o
                0x000000000800090e                SVC_Handler
 .text.DebugMon_Handler
                0x000000000800091a        0xc ./Core/Src/stm32f1xx_it.o
                0x000000000800091a                DebugMon_Handler
 .text.PendSV_Handler
                0x0000000008000926        0xc ./Core/Src/stm32f1xx_it.o
                0x0000000008000926                PendSV_Handler
 .text.SysTick_Handler
                0x0000000008000932        0xc ./Core/Src/stm32f1xx_it.o
                0x0000000008000932                SysTick_Handler
 .text.SystemInit
                0x000000000800093e        0xc ./Core/Src/system_stm32f1xx.o
                0x000000000800093e                SystemInit
 *fill*         0x000000000800094a        0x2 
 .text.Reset_Handler
                0x000000000800094c       0x48 ./Core/Startup/startup_stm32f103c8tx.o
                0x000000000800094c                Reset_Handler
 .text.Default_Handler
                0x0000000008000994        0x2 ./Core/Startup/startup_stm32f103c8tx.o
                0x0000000008000994                RTC_Alarm_IRQHandler
                0x0000000008000994                EXTI2_IRQHandler
                0x0000000008000994                TIM1_CC_IRQHandler
                0x0000000008000994                PVD_IRQHandler
                0x0000000008000994                EXTI3_IRQHandler
                0x0000000008000994                EXTI0_IRQHandler
                0x0000000008000994                I2C2_EV_IRQHandler
                0x0000000008000994                ADC1_2_IRQHandler
                0x0000000008000994                SPI1_IRQHandler
                0x0000000008000994                TAMPER_IRQHandler
                0x0000000008000994                DMA1_Channel4_IRQHandler
                0x0000000008000994                USART3_IRQHandler
                0x0000000008000994                RTC_IRQHandler
                0x0000000008000994                DMA1_Channel7_IRQHandler
                0x0000000008000994                CAN1_RX1_IRQHandler
                0x0000000008000994                TIM4_IRQHandler
                0x0000000008000994                I2C1_EV_IRQHandler
                0x0000000008000994                DMA1_Channel6_IRQHandler
                0x0000000008000994                TIM3_IRQHandler
                0x0000000008000994                RCC_IRQHandler
                0x0000000008000994                TIM1_TRG_COM_IRQHandler
                0x0000000008000994                DMA1_Channel1_IRQHandler
                0x0000000008000994                Default_Handler
                0x0000000008000994                EXTI15_10_IRQHandler
                0x0000000008000994                EXTI9_5_IRQHandler
                0x0000000008000994                SPI2_IRQHandler
                0x0000000008000994                DMA1_Channel5_IRQHandler
                0x0000000008000994                EXTI4_IRQHandler
                0x0000000008000994                USB_LP_CAN1_RX0_IRQHandler
                0x0000000008000994                USB_HP_CAN1_TX_IRQHandler
                0x0000000008000994                DMA1_Channel3_IRQHandler
                0x0000000008000994                TIM1_UP_IRQHandler
                0x0000000008000994                WWDG_IRQHandler
                0x0000000008000994                TIM2_IRQHandler
                0x0000000008000994                TIM1_BRK_IRQHandler
                0x0000000008000994                EXTI1_IRQHandler
                0x0000000008000994                USART2_IRQHandler
                0x0000000008000994                I2C2_ER_IRQHandler
                0x0000000008000994                DMA1_Channel2_IRQHandler
                0x0000000008000994                CAN1_SCE_IRQHandler
                0x0000000008000994                FLASH_IRQHandler
                0x0000000008000994                USART1_IRQHandler
                0x0000000008000994                I2C1_ER_IRQHandler
                0x0000000008000994                USBWakeUp_IRQHandler
 *fill*         0x0000000008000996        0x2 
 .text.HAL_Init
                0x0000000008000998       0x2c ./Drivers/STM32F1xx_HAL_Driver/Src/stm32f1xx_hal.o
                0x0000000008000998                HAL_Init
 .text.HAL_InitTick
                0x00000000080009c4       0x60 ./Drivers/STM32F1xx_HAL_Driver/Src/stm32f1xx_hal.o
                0x00000000080009c4                HAL_InitTick
 .text.HAL_IncTick
                0x0000000008000a24       0x24 ./Drivers/STM32F1xx_HAL_Driver/Src/stm32f1xx_hal.o
                0x0000000008000a24                HAL_IncTick
 .text.HAL_GetTick
                0x0000000008000a48       0x14 ./Drivers/STM32F1xx_HAL_Driver/Src/stm32f1xx_hal.o
                0x0000000008000a48                HAL_GetTick
 .text.__NVIC_SetPriorityGrouping
                0x0000000008000a5c       0x48 ./Drivers/STM32F1xx_HAL_Driver/Src/stm32f1xx_hal_cortex.o
 .text.__NVIC_GetPriorityGrouping
                0x0000000008000aa4       0x1c ./Drivers/STM32F1xx_HAL_Driver/Src/stm32f1xx_hal_cortex.o
 .text.__NVIC_SetPriority
                0x0000000008000ac0       0x54 ./Drivers/STM32F1xx_HAL_Driver/Src/stm32f1xx_hal_cortex.o
 .text.NVIC_EncodePriority
                0x0000000008000b14       0x64 ./Drivers/STM32F1xx_HAL_Driver/Src/stm32f1xx_hal_cortex.o
 .text.__NVIC_SystemReset
                0x0000000008000b78       0x2c ./Drivers/STM32F1xx_HAL_Driver/Src/stm32f1xx_hal_cortex.o
 .text.SysTick_Config
                0x0000000008000ba4       0x44 ./Drivers/STM32F1xx_HAL_Driver/Src/stm32f1xx_hal_cortex.o
 .text.HAL_NVIC_SetPriorityGrouping
                0x0000000008000be8       0x16 ./Drivers/STM32F1xx_HAL_Driver/Src/stm32f1xx_hal_cortex.o
                0x0000000008000be8                HAL_NVIC_SetPriorityGrouping
 .text.HAL_NVIC_SetPriority
                0x0000000008000bfe       0x38 ./Drivers/STM32F1xx_HAL_Driver/Src/stm32f1xx_hal_cortex.o
                0x0000000008000bfe                HAL_NVIC_SetPriority
 .text.HAL_NVIC_SystemReset
                0x0000000008000c36        0x8 ./Drivers/STM32F1xx_HAL_Driver/Src/stm32f1xx_hal_cortex.o
                0x0000000008000c36                HAL_NVIC_SystemReset
 .text.HAL_SYSTICK_Config
                0x0000000008000c3e       0x18 ./Drivers/STM32F1xx_HAL_Driver/Src/stm32f1xx_hal_cortex.o
                0x0000000008000c3e                HAL_SYSTICK_Config
 *fill*         0x0000000008000c56        0x2 
 .text.HAL_FLASH_Program
                0x0000000008000c58       0xe0 ./Drivers/STM32F1xx_HAL_Driver/Src/stm32f1xx_hal_flash.o
                0x0000000008000c58                HAL_FLASH_Program
 .text.HAL_FLASH_Unlock
                0x0000000008000d38       0x4c ./Drivers/STM32F1xx_HAL_Driver/Src/stm32f1xx_hal_flash.o
                0x0000000008000d38                HAL_FLASH_Unlock
 .text.HAL_FLASH_Lock
                0x0000000008000d84       0x20 ./Drivers/STM32F1xx_HAL_Driver/Src/stm32f1xx_hal_flash.o
                0x0000000008000d84                HAL_FLASH_Lock
 .text.FLASH_Program_HalfWord
                0x0000000008000da4       0x38 ./Drivers/STM32F1xx_HAL_Driver/Src/stm32f1xx_hal_flash.o
 .text.FLASH_WaitForLastOperation
                0x0000000008000ddc       0x8c ./Drivers/STM32F1xx_HAL_Driver/Src/stm32f1xx_hal_flash.o
                0x0000000008000ddc                FLASH_WaitForLastOperation
 .text.FLASH_SetErrorCode
                0x0000000008000e68       0xa0 ./Drivers/STM32F1xx_HAL_Driver/Src/stm32f1xx_hal_flash.o
 .text.HAL_FLASHEx_Erase
                0x0000000008000f08       0xd8 ./Drivers/STM32F1xx_HAL_Driver/Src/stm32f1xx_hal_flash_ex.o
                0x0000000008000f08                HAL_FLASHEx_Erase
 .text.FLASH_MassErase
                0x0000000008000fe0       0x38 ./Drivers/STM32F1xx_HAL_Driver/Src/stm32f1xx_hal_flash_ex.o
 .text.FLASH_PageErase
                0x0000000008001018       0x40 ./Drivers/STM32F1xx_HAL_Driver/Src/stm32f1xx_hal_flash_ex.o
                0x0000000008001018                FLASH_PageErase
 .text.HAL_RCC_OscConfig
                0x0000000008001058      0x504 ./Drivers/STM32F1xx_HAL_Driver/Src/stm32f1xx_hal_rcc.o
                0x0000000008001058                HAL_RCC_OscConfig
 .text.HAL_RCC_ClockConfig
                0x000000000800155c      0x1d4 ./Drivers/STM32F1xx_HAL_Driver/Src/stm32f1xx_hal_rcc.o
                0x000000000800155c                HAL_RCC_ClockConfig
 .text.HAL_RCC_GetSysClockFreq
                0x0000000008001730       0xa8 ./Drivers/STM32F1xx_HAL_Driver/Src/stm32f1xx_hal_rcc.o
                0x0000000008001730                HAL_RCC_GetSysClockFreq
 .text.RCC_Delay
                0x00000000080017d8       0x3c ./Drivers/STM32F1xx_HAL_Driver/Src/stm32f1xx_hal_rcc.o
 .text.memset   0x0000000008001814       0x10 C:/ST/STM32CubeIDE_1.13.1/STM32CubeIDE/plugins/com.st.stm32cube.ide.mcu.externaltools.gnu-tools-for-stm32.11.3.rel1.win32_1.1.0.202305231506/tools/bin/../lib/gcc/arm-none-eabi/11.3.1/../../../../arm-none-eabi/lib/thumb/v7-m/nofp\libc_nano.a(libc_a-memset.o)
                0x0000000008001814                memset
 .text.__libc_init_array
                0x0000000008001824       0x48 C:/ST/STM32CubeIDE_1.13.1/STM32CubeIDE/plugins/com.st.stm32cube.ide.mcu.externaltools.gnu-tools-for-stm32.11.3.rel1.win32_1.1.0.202305231506/tools/bin/../lib/gcc/arm-none-eabi/11.3.1/../../../../arm-none-eabi/lib/thumb/v7-m/nofp\libc_nano.a(libc_a-init.o)
                0x0000000008001824                __libc_init_array
 .text.memcpy   0x000000000800186c       0x1c C:/ST/STM32CubeIDE_1.13.1/STM32CubeIDE/plugins/com.st.stm32cube.ide.mcu.externaltools.gnu-tools-for-stm32.11.3.rel1.win32_1.1.0.202305231506/tools/bin/../lib/gcc/arm-none-eabi/11.3.1/../../../../arm-none-eabi/lib/thumb/v7-m/nofp\libc_nano.a(libc_a-memcpy-stub.o)
                0x000000000800186c                memcpy
 *(.glue_7)
 .glue_7        0x0000000008001888        0x0 linker stubs
 *(.glue_7t)
 .glue_7t       0x0000000008001888        0x0 linker stubs
 *(.eh_frame)
 .eh_frame      0x0000000008001888        0x0 C:/ST/STM32CubeIDE_1.13.1/STM32CubeIDE/plugins/com.st.stm32cube.ide.mcu.externaltools.gnu-tools-for-stm32.11.3.rel1.win32_1.1.0.202305231506/tools/bin/../lib/gcc/arm-none-eabi/11.3.1/thumb/v7-m/nofp/crtbegin.o
 *(.init)
 .init          0x0000000008001888        0x4 C:/ST/STM32CubeIDE_1.13.1/STM32CubeIDE/plugins/com.st.stm32cube.ide.mcu.externaltools.gnu-tools-for-stm32.11.3.rel1.win32_1.1.0.202305231506/tools/bin/../lib/gcc/arm-none-eabi/11.3.1/thumb/v7-m/nofp/crti.o
                0x0000000008001888                _init
 .init          0x000000000800188c        0x8 C:/ST/STM32CubeIDE_1.13.1/STM32CubeIDE/plugins/com.st.stm32cube.ide.mcu.externaltools.gnu-tools-for-stm32.11.3.rel1.win32_1.1.0.202305231506/tools/bin/../lib/gcc/arm-none-eabi/11.3.1/thumb/v7-m/nofp/crtn.o
 *(.fini)
 .fini          0x0000000008001894        0x4 C:/ST/STM32CubeIDE_1.13.1/STM32CubeIDE/plugins/com.st.stm32cube.ide.mcu.externaltools.gnu-tools-for-stm32.11.3.rel1.win32_1.1.0.202305231506/tools/bin/../lib/gcc/arm-none-eabi/11.3.1/thumb/v7-m/nofp/crti.o
                0x0000000008001894                _fini
 .fini          0x0000000008001898        0x8 C:/ST/STM32CubeIDE_1.13.1/STM32CubeIDE/plugins/com.st.stm32cube.ide.mcu.externaltools.gnu-tools-for-stm32.11.3.rel1.win32_1.1.0.202305231506/tools/bin/../lib/gcc/arm-none-eabi/11.3.1/thumb/v7-m/nofp/crtn.o
                0x00000000080018a0                . = ALIGN (0x4)
                0x00000000080018a0                _etext = .

.vfp11_veneer   0x00000000080018a0        0x0
 .vfp11_veneer  0x00000000080018a0        0x0 linker stubs

.v4_bx          0x00000000080018a0        0x0
 .v4_bx         0x00000000080018a0        0x0 linker stubs

.iplt           0x00000000080018a0        0x0
 .iplt          0x00000000080018a0        0x0 C:/ST/STM32CubeIDE_1.13.1/STM32CubeIDE/plugins/com.st.stm32cube.ide.mcu.externaltools.gnu-tools-for-stm32.11.3.rel1.win32_1.1.0.202305231506/tools/bin/../lib/gcc/arm-none-eabi/11.3.1/thumb/v7-m/nofp/crtbegin.o

.rodata         0x00000000080018a0      0x424
                0x00000000080018a0                . = ALIGN (0x4)
 *(.rodata)
 *(.rodata*)
 .rodata.crc_table
                0x00000000080018a0      0x400 ./Core/Src/crc32_mpeg2.o
 .rodata.AHBPrescTable
                0x0000000008001ca0       0x10 ./Core/Src/system_stm32f1xx.o
                0x0000000008001ca0                AHBPrescTable
 .rodata.aPLLMULFactorTable.1
                0x0000000008001cb0       0x10 ./Drivers/STM32F1xx_HAL_Driver/Src/stm32f1xx_hal_rcc.o
 .rodata.aPredivFactorTable.0
                0x0000000008001cc0        0x2 ./Drivers/STM32F1xx_HAL_Driver/Src/stm32f1xx_hal_rcc.o
                0x0000000008001cc4                . = ALIGN (0x4)
 *fill*         0x0000000008001cc2        0x2 

.rel.dyn        0x0000000008001cc4        0x0
 .rel.iplt      0x0000000008001cc4        0x0 C:/ST/STM32CubeIDE_1.13.1/STM32CubeIDE/plugins/com.st.stm32cube.ide.mcu.externaltools.gnu-tools-for-stm32.11.3.rel1.win32_1.1.0.202305231506/tools/bin/../lib/gcc/arm-none-eabi/11.3.1/thumb/v7-m/nofp/crtbegin.o

.ARM.extab      0x0000000008001cc4        0x0
                0x0000000008001cc4                . = ALIGN (0x4)
 *(.ARM.extab* .gnu.linkonce.armextab.*)
                0x0000000008001cc4                . = ALIGN (0x4)

.ARM            0x0000000008001cc4        0x0
                0x0000000008001cc4                . = ALIGN (0x4)
                0x0000000008001cc4                __exidx_start = .
 *(.ARM.exidx*)
                0x0000000008001cc4                __exidx_end = .
                0x0000000008001cc4                . = ALIGN (0x4)

.preinit_array  0x0000000008001cc4        0x0
                0x0000000008001cc4                . = ALIGN (0x4)
                0x0000000008001cc4                PROVIDE (__preinit_array_start = .)
 *(.preinit_array*)
                0x0000000008001cc4                PROVIDE (__preinit_array_end = .)
                0x0000000008001cc4                . = ALIGN (0x4)

.init_array     0x0000000008001cc4        0x4
                0x0000000008001cc4                . = ALIGN (0x4)
                0x0000000008001cc4                PROVIDE (__init_array_start = .)
 *(SORT_BY_NAME(.init_array.*))
 *(.init_array*)
 .init_array    0x0000000008001cc4        0x4 C:/ST/STM32CubeIDE_1.13.1/STM32CubeIDE/plugins/com.st.stm32cube.ide.mcu.externaltools.gnu-tools-for-stm32.11.3.rel1.win32_1.1.0.202305231506/tools/bin/../lib/gcc/arm-none-eabi/11.3.1/thumb/v7-m/nofp/crtbegin.o
                0x0000000008001cc8                PROVIDE (__init_array_end = .)
                0x0000000008001cc8                . = ALIGN (0x4)

.fini_array     0x0000000008001cc8        0x4
                0x0000000008001cc8                . = ALIGN (0x4)
                [!provide]                        PROVIDE (__fini_array_start = .)
 *(SORT_BY_NAME(.fini_array.*))
 *(.fini_array*)
 .fini_array    0x0000000008001cc8        0x4 C:/ST/STM32CubeIDE_1.13.1/STM32CubeIDE/plugins/com.st.stm32cube.ide.mcu.externaltools.gnu-tools-for-stm32.11.3.rel1.win32_1.1.0.202305231506/tools/bin/../lib/gcc/arm-none-eabi/11.3.1/thumb/v7-m/nofp/crtbegin.o
                [!provide]                        PROVIDE (__fini_array_end = .)
                0x0000000008001ccc                . = ALIGN (0x4)
                0x0000000008001ccc                _sidata = LOADADDR (.data)

.data           0x0000000020000000        0xc load address 0x0000000008001ccc
                0x0000000020000000                . = ALIGN (0x4)
                0x0000000020000000                _sdata = .
 *(.data)
 *(.data*)
 .data.SystemCoreClock
                0x0000000020000000        0x4 ./Core/Src/system_stm32f1xx.o
                0x0000000020000000                SystemCoreClock
 .data.uwTickPrio
                0x0000000020000004        0x4 ./Drivers/STM32F1xx_HAL_Driver/Src/stm32f1xx_hal.o
                0x0000000020000004                uwTickPrio
 .data.uwTickFreq
                0x0000000020000008        0x1 ./Drivers/STM32F1xx_HAL_Driver/Src/stm32f1xx_hal.o
                0x0000000020000008                uwTickFreq
 *(.RamFunc)
 *(.RamFunc*)
                0x000000002000000c                . = ALIGN (0x4)
 *fill*         0x0000000020000009        0x3 
                0x000000002000000c                _edata = .

.igot.plt       0x000000002000000c        0x0 load address 0x0000000008001cd8
 .igot.plt      0x000000002000000c        0x0 C:/ST/STM32CubeIDE_1.13.1/STM32CubeIDE/plugins/com.st.stm32cube.ide.mcu.externaltools.gnu-tools-for-stm32.11.3.rel1.win32_1.1.0.202305231506/tools/bin/../lib/gcc/arm-none-eabi/11.3.1/thumb/v7-m/nofp/crtbegin.o
                0x000000002000000c                . = ALIGN (0x4)

.bss            0x0000000020000010       0x60 load address 0x0000000008001cd8
                0x0000000020000010                _sbss = .
                0x0000000020000010                __bss_start__ = _sbss
 *(.bss)
 .bss           0x0000000020000010       0x1c C:/ST/STM32CubeIDE_1.13.1/STM32CubeIDE/plugins/com.st.stm32cube.ide.mcu.externaltools.gnu-tools-for-stm32.11.3.rel1.win32_1.1.0.202305231506/tools/bin/../lib/gcc/arm-none-eabi/11.3.1/thumb/v7-m/nofp/crtbegin.o
 *(.bss*)
 .bss.p_most_recent_val
                0x000000002000002c        0x4 ./Core/Src/firmware_update_config.o
 .bss.fw_config
                0x0000000020000030       0x18 ./Core/Src/main.o
                0x0000000020000030                fw_config
 .bss.attempts.0
                0x0000000020000048        0x1 ./Core/Src/main.o
 *fill*         0x0000000020000049        0x3 
 .bss.uwTick    0x000000002000004c        0x4 ./Drivers/STM32F1xx_HAL_Driver/Src/stm32f1xx_hal.o
                0x000000002000004c                uwTick
 .bss.pFlash    0x0000000020000050       0x20 ./Drivers/STM32F1xx_HAL_Driver/Src/stm32f1xx_hal_flash.o
                0x0000000020000050                pFlash
 *(COMMON)
                0x0000000020000070                . = ALIGN (0x4)
                0x0000000020000070                _ebss = .
                0x0000000020000070                __bss_end__ = _ebss

._user_heap_stack
                0x0000000020000070      0x600 load address 0x0000000008001cd8
                0x0000000020000070                . = ALIGN (0x8)
                [!provide]                        PROVIDE (end = .)
                0x0000000020000070                PROVIDE (_end = .)
                0x0000000020000270                . = (. + _Min_Heap_Size)
 *fill*         0x0000000020000070      0x200 
                0x0000000020000670                . = (. + _Min_Stack_Size)
 *fill*         0x0000000020000270      0x400 
                0x0000000020000670                . = ALIGN (0x8)

/DISCARD/
 libc.a(*)
 libm.a(*)
 libgcc.a(*)

.ARM.attributes
                0x0000000000000000       0x29
 *(.ARM.attributes)
 .ARM.attributes
                0x0000000000000000       0x1d C:/ST/STM32CubeIDE_1.13.1/STM32CubeIDE/plugins/com.st.stm32cube.ide.mcu.externaltools.gnu-tools-for-stm32.11.3.rel1.win32_1.1.0.202305231506/tools/bin/../lib/gcc/arm-none-eabi/11.3.1/thumb/v7-m/nofp/crti.o
 .ARM.attributes
                0x000000000000001d       0x2d C:/ST/STM32CubeIDE_1.13.1/STM32CubeIDE/plugins/com.st.stm32cube.ide.mcu.externaltools.gnu-tools-for-stm32.11.3.rel1.win32_1.1.0.202305231506/tools/bin/../lib/gcc/arm-none-eabi/11.3.1/thumb/v7-m/nofp/crtbegin.o
 .ARM.attributes
                0x000000000000004a       0x2d ./Core/Src/crc32_mpeg2.o
 .ARM.attributes
                0x0000000000000077       0x2d ./Core/Src/firmware_update_config.o
 .ARM.attributes
                0x00000000000000a4       0x2d ./Core/Src/main.o
 .ARM.attributes
                0x00000000000000d1       0x2d ./Core/Src/pre_bl_side_etx_ota.o
 .ARM.attributes
                0x00000000000000fe       0x2d ./Core/Src/stm32f1xx_hal_msp.o
 .ARM.attributes
                0x000000000000012b       0x2d ./Core/Src/stm32f1xx_it.o
 .ARM.attributes
                0x0000000000000158       0x2d ./Core/Src/system_stm32f1xx.o
 .ARM.attributes
                0x0000000000000185       0x21 ./Core/Startup/startup_stm32f103c8tx.o
 .ARM.attributes
                0x00000000000001a6       0x2d ./Drivers/STM32F1xx_HAL_Driver/Src/stm32f1xx_hal.o
 .ARM.attributes
                0x00000000000001d3       0x2d ./Drivers/STM32F1xx_HAL_Driver/Src/stm32f1xx_hal_cortex.o
 .ARM.attributes
                0x0000000000000200       0x2d ./Drivers/STM32F1xx_HAL_Driver/Src/stm32f1xx_hal_flash.o
 .ARM.attributes
                0x000000000000022d       0x2d ./Drivers/STM32F1xx_HAL_Driver/Src/stm32f1xx_hal_flash_ex.o
 .ARM.attributes
                0x000000000000025a       0x2d ./Drivers/STM32F1xx_HAL_Driver/Src/stm32f1xx_hal_rcc.o
 .ARM.attributes
                0x0000000000000287       0x2d C:/ST/STM32CubeIDE_1.13.1/STM32CubeIDE/plugins/com.st.stm32cube.ide.mcu.externaltools.gnu-tools-for-stm32.11.3.rel1.win32_1.1.0.202305231506/tools/bin/../lib/gcc/arm-none-eabi/11.3.1/../../../../arm-none-eabi/lib/thumb/v7-m/nofp\libc_nano.a(libc_a-memset.o)
 .ARM.attributes
                0x00000000000002b4       0x2d C:/ST/STM32CubeIDE_1.13.1/STM32CubeIDE/plugins/com.st.stm32cube.ide.mcu.externaltools.gnu-tools-for-stm32.11.3.rel1.win32_1.1.0.202305231506/tools/bin/../lib/gcc/arm-none-eabi/11.3.1/../../../../arm-none-eabi/lib/thumb/v7-m/nofp\libc_nano.a(libc_a-init.o)
 .ARM.attributes
                0x00000000000002e1       0x2d C:/ST/STM32CubeIDE_1.13.1/STM32CubeIDE/plugins/com.st.stm32cube.ide.mcu.externaltools.gnu-tools-for-stm32.11.3.rel1.win32_1.1.0.202305231506/tools/bin/../lib/gcc/arm-none-eabi/11.3.1/../../../../arm-none-eabi/lib/thumb/v7-m/nofp\libc_nano.a(libc_a-memcpy-stub.o)
 .ARM.attributes
                0x000000000000030e       0x1d C:/ST/STM32CubeIDE_1.13.1/STM32CubeIDE/plugins/com.st.stm32cube.ide.mcu.externaltools.gnu-tools-for-stm32.11.3.rel1.win32_1.1.0.202305231506/tools/bin/../lib/gcc/arm-none-eabi/11.3.1/thumb/v7-m/nofp/crtn.o
OUTPUT(Pre_Bootloader_Firmware.elf elf32-littlearm)
LOAD linker stubs
LOAD C:/ST/STM32CubeIDE_1.13.1/STM32CubeIDE/plugins/com.st.stm32cube.ide.mcu.externaltools.gnu-tools-for-stm32.11.3.rel1.win32_1.1.0.202305231506/tools/bin/../lib/gcc/arm-none-eabi/11.3.1/../../../../arm-none-eabi/lib/thumb/v7-m/nofp\libc.a
LOAD C:/ST/STM32CubeIDE_1.13.1/STM32CubeIDE/plugins/com.st.stm32cube.ide.mcu.externaltools.gnu-tools-for-stm32.11.3.rel1.win32_1.1.0.202305231506/tools/bin/../lib/gcc/arm-none-eabi/11.3.1/../../../../arm-none-eabi/lib/thumb/v7-m/nofp\libm.a
LOAD C:/ST/STM32CubeIDE_1.13.1/STM32CubeIDE/plugins/com.st.stm32cube.ide.mcu.externaltools.gnu-tools-for-stm32.11.3.rel1.win32_1.1.0.202305231506/tools/bin/../lib/gcc/arm-none-eabi/11.3.1/thumb/v7-m/nofp\libgcc.a

.comment        0x0000000000000000       0x43
 .comment       0x0000000000000000       0x43 C:/ST/STM32CubeIDE_1.13.1/STM32CubeIDE/plugins/com.st.stm32cube.ide.mcu.externaltools.gnu-tools-for-stm32.11.3.rel1.win32_1.1.0.202305231506/tools/bin/../lib/gcc/arm-none-eabi/11.3.1/thumb/v7-m/nofp/crtbegin.o
                                         0x44 (size before relaxing)
 .comment       0x0000000000000043       0x44 ./Core/Src/crc32_mpeg2.o
 .comment       0x0000000000000043       0x44 ./Core/Src/firmware_update_config.o
 .comment       0x0000000000000043       0x44 ./Core/Src/main.o
 .comment       0x0000000000000043       0x44 ./Core/Src/pre_bl_side_etx_ota.o
 .comment       0x0000000000000043       0x44 ./Core/Src/stm32f1xx_hal_msp.o
 .comment       0x0000000000000043       0x44 ./Core/Src/stm32f1xx_it.o
 .comment       0x0000000000000043       0x44 ./Core/Src/system_stm32f1xx.o
 .comment       0x0000000000000043       0x44 ./Drivers/STM32F1xx_HAL_Driver/Src/stm32f1xx_hal.o
 .comment       0x0000000000000043       0x44 ./Drivers/STM32F1xx_HAL_Driver/Src/stm32f1xx_hal_cortex.o
 .comment       0x0000000000000043       0x44 ./Drivers/STM32F1xx_HAL_Driver/Src/stm32f1xx_hal_flash.o
 .comment       0x0000000000000043       0x44 ./Drivers/STM32F1xx_HAL_Driver/Src/stm32f1xx_hal_flash_ex.o
 .comment       0x0000000000000043       0x44 ./Drivers/STM32F1xx_HAL_Driver/Src/stm32f1xx_hal_rcc.o

.debug_info     0x0000000000000000     0x3ace
 .debug_info    0x0000000000000000      0x143 ./Core/Src/crc32_mpeg2.o
 .debug_info    0x0000000000000143      0x549 ./Core/Src/firmware_update_config.o
 .debug_info    0x000000000000068c      0x653 ./Core/Src/main.o
 .debug_info    0x0000000000000cdf      0x35f ./Core/Src/pre_bl_side_etx_ota.o
 .debug_info    0x000000000000103e      0x169 ./Core/Src/stm32f1xx_hal_msp.o
 .debug_info    0x00000000000011a7      0x113 ./Core/Src/stm32f1xx_it.o
 .debug_info    0x00000000000012ba      0x222 ./Core/Src/system_stm32f1xx.o
 .debug_info    0x00000000000014dc       0x23 ./Core/Startup/startup_stm32f103c8tx.o
 .debug_info    0x00000000000014ff      0x704 ./Drivers/STM32F1xx_HAL_Driver/Src/stm32f1xx_hal.o
 .debug_info    0x0000000000001c03      0xa87 ./Drivers/STM32F1xx_HAL_Driver/Src/stm32f1xx_hal_cortex.o
 .debug_info    0x000000000000268a      0x4f8 ./Drivers/STM32F1xx_HAL_Driver/Src/stm32f1xx_hal_flash.o
 .debug_info    0x0000000000002b82      0x777 ./Drivers/STM32F1xx_HAL_Driver/Src/stm32f1xx_hal_flash_ex.o
 .debug_info    0x00000000000032f9      0x7d5 ./Drivers/STM32F1xx_HAL_Driver/Src/stm32f1xx_hal_rcc.o

.debug_abbrev   0x0000000000000000     0x1572
 .debug_abbrev  0x0000000000000000       0xba ./Core/Src/crc32_mpeg2.o
 .debug_abbrev  0x00000000000000ba      0x207 ./Core/Src/firmware_update_config.o
 .debug_abbrev  0x00000000000002c1      0x2a8 ./Core/Src/main.o
 .debug_abbrev  0x0000000000000569      0x13c ./Core/Src/pre_bl_side_etx_ota.o
 .debug_abbrev  0x00000000000006a5       0xc6 ./Core/Src/stm32f1xx_hal_msp.o
 .debug_abbrev  0x000000000000076b       0x73 ./Core/Src/stm32f1xx_it.o
 .debug_abbrev  0x00000000000007de      0x13f ./Core/Src/system_stm32f1xx.o
 .debug_abbrev  0x000000000000091d       0x12 ./Core/Startup/startup_stm32f103c8tx.o
 .debug_abbrev  0x000000000000092f      0x201 ./Drivers/STM32F1xx_HAL_Driver/Src/stm32f1xx_hal.o
 .debug_abbrev  0x0000000000000b30      0x2f8 ./Drivers/STM32F1xx_HAL_Driver/Src/stm32f1xx_hal_cortex.o
 .debug_abbrev  0x0000000000000e28      0x250 ./Drivers/STM32F1xx_HAL_Driver/Src/stm32f1xx_hal_flash.o
 .debug_abbrev  0x0000000000001078      0x247 ./Drivers/STM32F1xx_HAL_Driver/Src/stm32f1xx_hal_flash_ex.o
 .debug_abbrev  0x00000000000012bf      0x2b3 ./Drivers/STM32F1xx_HAL_Driver/Src/stm32f1xx_hal_rcc.o

.debug_aranges  0x0000000000000000      0x548
 .debug_aranges
                0x0000000000000000       0x20 ./Core/Src/crc32_mpeg2.o
 .debug_aranges
                0x0000000000000020       0x50 ./Core/Src/firmware_update_config.o
 .debug_aranges
                0x0000000000000070       0x50 ./Core/Src/main.o
 .debug_aranges
                0x00000000000000c0       0x28 ./Core/Src/pre_bl_side_etx_ota.o
 .debug_aranges
                0x00000000000000e8       0x20 ./Core/Src/stm32f1xx_hal_msp.o
 .debug_aranges
                0x0000000000000108       0x60 ./Core/Src/stm32f1xx_it.o
 .debug_aranges
                0x0000000000000168       0x28 ./Core/Src/system_stm32f1xx.o
 .debug_aranges
                0x0000000000000190       0x28 ./Core/Startup/startup_stm32f103c8tx.o
 .debug_aranges
                0x00000000000001b8       0xe0 ./Drivers/STM32F1xx_HAL_Driver/Src/stm32f1xx_hal.o
 .debug_aranges
                0x0000000000000298      0x100 ./Drivers/STM32F1xx_HAL_Driver/Src/stm32f1xx_hal_cortex.o
 .debug_aranges
                0x0000000000000398       0x88 ./Drivers/STM32F1xx_HAL_Driver/Src/stm32f1xx_hal_flash.o
 .debug_aranges
                0x0000000000000420       0x98 ./Drivers/STM32F1xx_HAL_Driver/Src/stm32f1xx_hal_flash_ex.o
 .debug_aranges
                0x00000000000004b8       0x90 ./Drivers/STM32F1xx_HAL_Driver/Src/stm32f1xx_hal_rcc.o

.debug_rnglists
                0x0000000000000000      0x3cb
 .debug_rnglists
                0x0000000000000000       0x13 ./Core/Src/crc32_mpeg2.o
 .debug_rnglists
                0x0000000000000013       0x3a ./Core/Src/firmware_update_config.o
 .debug_rnglists
                0x000000000000004d       0x37 ./Core/Src/main.o
 .debug_rnglists
                0x0000000000000084       0x1a ./Core/Src/pre_bl_side_etx_ota.o
 .debug_rnglists
                0x000000000000009e       0x13 ./Core/Src/stm32f1xx_hal_msp.o
 .debug_rnglists
                0x00000000000000b1       0x43 ./Core/Src/stm32f1xx_it.o
 .debug_rnglists
                0x00000000000000f4       0x1a ./Core/Src/system_stm32f1xx.o
 .debug_rnglists
                0x000000000000010e       0x19 ./Core/Startup/startup_stm32f103c8tx.o
 .debug_rnglists
                0x0000000000000127       0xa3 ./Drivers/STM32F1xx_HAL_Driver/Src/stm32f1xx_hal.o
 .debug_rnglists
                0x00000000000001ca       0xbb ./Drivers/STM32F1xx_HAL_Driver/Src/stm32f1xx_hal_cortex.o
 .debug_rnglists
                0x0000000000000285       0x66 ./Drivers/STM32F1xx_HAL_Driver/Src/stm32f1xx_hal_flash.o
 .debug_rnglists
                0x00000000000002eb       0x74 ./Drivers/STM32F1xx_HAL_Driver/Src/stm32f1xx_hal_flash_ex.o
 .debug_rnglists
                0x000000000000035f       0x6c ./Drivers/STM32F1xx_HAL_Driver/Src/stm32f1xx_hal_rcc.o

.debug_macro    0x0000000000000000    0x16a3a
 .debug_macro   0x0000000000000000       0x6d ./Core/Src/crc32_mpeg2.o
 .debug_macro   0x000000000000006d      0xa9c ./Core/Src/crc32_mpeg2.o
 .debug_macro   0x0000000000000b09       0x22 ./Core/Src/crc32_mpeg2.o
 .debug_macro   0x0000000000000b2b       0x8e ./Core/Src/crc32_mpeg2.o
 .debug_macro   0x0000000000000bb9       0x51 ./Core/Src/crc32_mpeg2.o
 .debug_macro   0x0000000000000c0a      0x103 ./Core/Src/crc32_mpeg2.o
 .debug_macro   0x0000000000000d0d       0x6a ./Core/Src/crc32_mpeg2.o
 .debug_macro   0x0000000000000d77      0x1df ./Core/Src/crc32_mpeg2.o
 .debug_macro   0x0000000000000f56      0x2ae ./Core/Src/firmware_update_config.o
 .debug_macro   0x0000000000001204       0x46 ./Core/Src/firmware_update_config.o
 .debug_macro   0x000000000000124a       0x10 ./Core/Src/firmware_update_config.o
 .debug_macro   0x000000000000125a       0x61 ./Core/Src/firmware_update_config.o
 .debug_macro   0x00000000000012bb       0x24 ./Core/Src/firmware_update_config.o
 .debug_macro   0x00000000000012df       0x43 ./Core/Src/firmware_update_config.o
 .debug_macro   0x0000000000001322       0x34 ./Core/Src/firmware_update_config.o
 .debug_macro   0x0000000000001356      0x174 ./Core/Src/firmware_update_config.o
 .debug_macro   0x00000000000014ca       0x16 ./Core/Src/firmware_update_config.o
 .debug_macro   0x00000000000014e0       0x43 ./Core/Src/firmware_update_config.o
 .debug_macro   0x0000000000001523       0x34 ./Core/Src/firmware_update_config.o
 .debug_macro   0x0000000000001557       0x10 ./Core/Src/firmware_update_config.o
 .debug_macro   0x0000000000001567       0x58 ./Core/Src/firmware_update_config.o
 .debug_macro   0x00000000000015bf       0x8e ./Core/Src/firmware_update_config.o
 .debug_macro   0x000000000000164d       0x1c ./Core/Src/firmware_update_config.o
 .debug_macro   0x0000000000001669      0x177 ./Core/Src/firmware_update_config.o
 .debug_macro   0x00000000000017e0      0x369 ./Core/Src/firmware_update_config.o
 .debug_macro   0x0000000000001b49       0x10 ./Core/Src/firmware_update_config.o
 .debug_macro   0x0000000000001b59       0x35 ./Core/Src/firmware_update_config.o
 .debug_macro   0x0000000000001b8e       0x20 ./Core/Src/firmware_update_config.o
 .debug_macro   0x0000000000001bae      0x20f ./Core/Src/firmware_update_config.o
 .debug_macro   0x0000000000001dbd       0x2e ./Core/Src/firmware_update_config.o
 .debug_macro   0x0000000000001deb       0x22 ./Core/Src/firmware_update_config.o
 .debug_macro   0x0000000000001e0d       0x1c ./Core/Src/firmware_update_config.o
 .debug_macro   0x0000000000001e29       0x22 ./Core/Src/firmware_update_config.o
 .debug_macro   0x0000000000001e4b       0xbd ./Core/Src/firmware_update_config.o
 .debug_macro   0x0000000000001f08      0xd23 ./Core/Src/firmware_update_config.o
 .debug_macro   0x0000000000002c2b     0xe09e ./Core/Src/firmware_update_config.o
 .debug_macro   0x0000000000010cc9       0x6d ./Core/Src/firmware_update_config.o
 .debug_macro   0x0000000000010d36     0x348d ./Core/Src/firmware_update_config.o
 .debug_macro   0x00000000000141c3       0x56 ./Core/Src/firmware_update_config.o
 .debug_macro   0x0000000000014219      0x5bc ./Core/Src/firmware_update_config.o
 .debug_macro   0x00000000000147d5      0x289 ./Core/Src/firmware_update_config.o
 .debug_macro   0x0000000000014a5e      0x1cb ./Core/Src/firmware_update_config.o
 .debug_macro   0x0000000000014c29      0x114 ./Core/Src/firmware_update_config.o
 .debug_macro   0x0000000000014d3d      0x1b2 ./Core/Src/firmware_update_config.o
 .debug_macro   0x0000000000014eef       0x27 ./Core/Src/firmware_update_config.o
 .debug_macro   0x0000000000014f16      0x136 ./Core/Src/firmware_update_config.o
 .debug_macro   0x000000000001504c      0x1bc ./Core/Src/firmware_update_config.o
 .debug_macro   0x0000000000015208       0x34 ./Core/Src/firmware_update_config.o
 .debug_macro   0x000000000001523c       0x3c ./Core/Src/firmware_update_config.o
 .debug_macro   0x0000000000015278       0x57 ./Core/Src/firmware_update_config.o
 .debug_macro   0x00000000000152cf       0x87 ./Core/Src/firmware_update_config.o
 .debug_macro   0x0000000000015356      0x240 ./Core/Src/firmware_update_config.o
 .debug_macro   0x0000000000015596      0x140 ./Core/Src/firmware_update_config.o
 .debug_macro   0x00000000000156d6       0x83 ./Core/Src/firmware_update_config.o
 .debug_macro   0x0000000000015759      0x2b6 ./Core/Src/main.o
 .debug_macro   0x0000000000015a0f       0x5c ./Core/Src/main.o
 .debug_macro   0x0000000000015a6b       0x16 ./Core/Src/main.o
 .debug_macro   0x0000000000015a81       0x10 ./Core/Src/main.o
 .debug_macro   0x0000000000015a91       0x16 ./Core/Src/main.o
 .debug_macro   0x0000000000015aa7       0x16 ./Core/Src/main.o
 .debug_macro   0x0000000000015abd      0x147 ./Core/Src/main.o
 .debug_macro   0x0000000000015c04      0x1b0 ./Core/Src/pre_bl_side_etx_ota.o
 .debug_macro   0x0000000000015db4      0x18e ./Core/Src/stm32f1xx_hal_msp.o
 .debug_macro   0x0000000000015f42      0x198 ./Core/Src/stm32f1xx_it.o
 .debug_macro   0x00000000000160da      0x184 ./Core/Src/system_stm32f1xx.o
 .debug_macro   0x000000000001625e      0x1a8 ./Drivers/STM32F1xx_HAL_Driver/Src/stm32f1xx_hal.o
 .debug_macro   0x0000000000016406      0x184 ./Drivers/STM32F1xx_HAL_Driver/Src/stm32f1xx_hal_cortex.o
 .debug_macro   0x000000000001658a      0x184 ./Drivers/STM32F1xx_HAL_Driver/Src/stm32f1xx_hal_flash.o
 .debug_macro   0x000000000001670e      0x196 ./Drivers/STM32F1xx_HAL_Driver/Src/stm32f1xx_hal_flash_ex.o
 .debug_macro   0x00000000000168a4      0x196 ./Drivers/STM32F1xx_HAL_Driver/Src/stm32f1xx_hal_rcc.o

.debug_line     0x0000000000000000     0x6d7c
 .debug_line    0x0000000000000000      0x47b ./Core/Src/crc32_mpeg2.o
 .debug_line    0x000000000000047b      0xa7b ./Core/Src/firmware_update_config.o
 .debug_line    0x0000000000000ef6      0x9b3 ./Core/Src/main.o
 .debug_line    0x00000000000018a9      0x79f ./Core/Src/pre_bl_side_etx_ota.o
 .debug_line    0x0000000000002048      0x6b3 ./Core/Src/stm32f1xx_hal_msp.o
 .debug_line    0x00000000000026fb      0x776 ./Core/Src/stm32f1xx_it.o
 .debug_line    0x0000000000002e71      0x732 ./Core/Src/system_stm32f1xx.o
 .debug_line    0x00000000000035a3       0x78 ./Core/Startup/startup_stm32f103c8tx.o
 .debug_line    0x000000000000361b      0x95f ./Drivers/STM32F1xx_HAL_Driver/Src/stm32f1xx_hal.o
 .debug_line    0x0000000000003f7a      0xb47 ./Drivers/STM32F1xx_HAL_Driver/Src/stm32f1xx_hal_cortex.o
 .debug_line    0x0000000000004ac1      0xa3c ./Drivers/STM32F1xx_HAL_Driver/Src/stm32f1xx_hal_flash.o
 .debug_line    0x00000000000054fd      0xb17 ./Drivers/STM32F1xx_HAL_Driver/Src/stm32f1xx_hal_flash_ex.o
 .debug_line    0x0000000000006014      0xd68 ./Drivers/STM32F1xx_HAL_Driver/Src/stm32f1xx_hal_rcc.o

.debug_str      0x0000000000000000    0x80014
 .debug_str     0x0000000000000000     0x3bc5 ./Core/Src/crc32_mpeg2.o
                                       0x3d36 (size before relaxing)
 .debug_str     0x0000000000003bc5    0x7a6b0 ./Core/Src/firmware_update_config.o
                                      0x7e5a7 (size before relaxing)
 .debug_str     0x000000000007e275      0xb00 ./Core/Src/main.o
                                      0x7eb68 (size before relaxing)
 .debug_str     0x000000000007ed75       0x3c ./Core/Src/pre_bl_side_etx_ota.o
                                      0x7b0fc (size before relaxing)
 .debug_str     0x000000000007edb1       0x2c ./Core/Src/stm32f1xx_hal_msp.o
                                      0x7ac54 (size before relaxing)
 .debug_str     0x000000000007eddd       0xc9 ./Core/Src/stm32f1xx_it.o
                                      0x7ac97 (size before relaxing)
 .debug_str     0x000000000007eea6       0x7e ./Core/Src/system_stm32f1xx.o
                                      0x7acad (size before relaxing)
 .debug_str     0x000000000007ef24       0x34 ./Core/Startup/startup_stm32f103c8tx.o
                                         0xa1 (size before relaxing)
 .debug_str     0x000000000007ef58      0x605 ./Drivers/STM32F1xx_HAL_Driver/Src/stm32f1xx_hal.o
                                      0x7b3e0 (size before relaxing)
 .debug_str     0x000000000007f55d      0x2b0 ./Drivers/STM32F1xx_HAL_Driver/Src/stm32f1xx_hal_cortex.o
                                      0x7b32c (size before relaxing)
 .debug_str     0x000000000007f80d      0x289 ./Drivers/STM32F1xx_HAL_Driver/Src/stm32f1xx_hal_flash.o
                                      0x7af88 (size before relaxing)
 .debug_str     0x000000000007fa96      0x314 ./Drivers/STM32F1xx_HAL_Driver/Src/stm32f1xx_hal_flash_ex.o
                                      0x7b136 (size before relaxing)
 .debug_str     0x000000000007fdaa      0x26a ./Drivers/STM32F1xx_HAL_Driver/Src/stm32f1xx_hal_rcc.o
                                      0x7b0dc (size before relaxing)

.debug_frame    0x0000000000000000     0x1290
 .debug_frame   0x0000000000000000       0x38 ./Core/Src/crc32_mpeg2.o
 .debug_frame   0x0000000000000038      0x118 ./Core/Src/firmware_update_config.o
 .debug_frame   0x0000000000000150      0x100 ./Core/Src/main.o
 .debug_frame   0x0000000000000250       0x60 ./Core/Src/pre_bl_side_etx_ota.o
 .debug_frame   0x00000000000002b0       0x38 ./Core/Src/stm32f1xx_hal_msp.o
 .debug_frame   0x00000000000002e8      0x104 ./Core/Src/stm32f1xx_it.o
 .debug_frame   0x00000000000003ec       0x58 ./Core/Src/system_stm32f1xx.o
 .debug_frame   0x0000000000000444      0x334 ./Drivers/STM32F1xx_HAL_Driver/Src/stm32f1xx_hal.o
 .debug_frame   0x0000000000000778      0x428 ./Drivers/STM32F1xx_HAL_Driver/Src/stm32f1xx_hal_cortex.o
 .debug_frame   0x0000000000000ba0      0x20c ./Drivers/STM32F1xx_HAL_Driver/Src/stm32f1xx_hal_flash.o
 .debug_frame   0x0000000000000dac      0x258 ./Drivers/STM32F1xx_HAL_Driver/Src/stm32f1xx_hal_flash_ex.o
 .debug_frame   0x0000000000001004      0x218 ./Drivers/STM32F1xx_HAL_Driver/Src/stm32f1xx_hal_rcc.o
 .debug_frame   0x000000000000121c       0x20 C:/ST/STM32CubeIDE_1.13.1/STM32CubeIDE/plugins/com.st.stm32cube.ide.mcu.externaltools.gnu-tools-for-stm32.11.3.rel1.win32_1.1.0.202305231506/tools/bin/../lib/gcc/arm-none-eabi/11.3.1/../../../../arm-none-eabi/lib/thumb/v7-m/nofp\libc_nano.a(libc_a-memset.o)
 .debug_frame   0x000000000000123c       0x2c C:/ST/STM32CubeIDE_1.13.1/STM32CubeIDE/plugins/com.st.stm32cube.ide.mcu.externaltools.gnu-tools-for-stm32.11.3.rel1.win32_1.1.0.202305231506/tools/bin/../lib/gcc/arm-none-eabi/11.3.1/../../../../arm-none-eabi/lib/thumb/v7-m/nofp\libc_nano.a(libc_a-init.o)
 .debug_frame   0x0000000000001268       0x28 C:/ST/STM32CubeIDE_1.13.1/STM32CubeIDE/plugins/com.st.stm32cube.ide.mcu.externaltools.gnu-tools-for-stm32.11.3.rel1.win32_1.1.0.202305231506/tools/bin/../lib/gcc/arm-none-eabi/11.3.1/../../../../arm-none-eabi/lib/thumb/v7-m/nofp\libc_nano.a(libc_a-memcpy-stub.o)

.debug_line_str
                0x0000000000000000       0x95
 .debug_line_str
                0x0000000000000000       0x95 ./Core/Startup/startup_stm32f103c8tx.o
                                         0xad (size before relaxing)
